Component: ARM Compiler 5.06 update 5 (build 528) Tool: armlink [4d35e2]

==============================================================================

Section Cross References

    startup_stm32g431xx.o(RESET) refers to startup_stm32g431xx.o(STACK) for __initial_sp
    startup_stm32g431xx.o(RESET) refers to startup_stm32g431xx.o(.text) for Reset_Handler
    startup_stm32g431xx.o(RESET) refers to stm32g4xx_it.o(i.NMI_Handler) for NMI_Handler
    startup_stm32g431xx.o(RESET) refers to stm32g4xx_it.o(i.HardFault_Handler) for HardFault_Handler
    startup_stm32g431xx.o(RESET) refers to stm32g4xx_it.o(i.MemManage_Handler) for MemManage_Handler
    startup_stm32g431xx.o(RESET) refers to stm32g4xx_it.o(i.BusFault_Handler) for BusFault_Handler
    startup_stm32g431xx.o(RESET) refers to stm32g4xx_it.o(i.UsageFault_Handler) for UsageFault_Handler
    startup_stm32g431xx.o(RESET) refers to stm32g4xx_it.o(i.SVC_Handler) for SVC_Handler
    startup_stm32g431xx.o(RESET) refers to stm32g4xx_it.o(i.DebugMon_Handler) for DebugMon_Handler
    startup_stm32g431xx.o(RESET) refers to stm32g4xx_it.o(i.PendSV_Handler) for PendSV_Handler
    startup_stm32g431xx.o(RESET) refers to stm32g4xx_it.o(i.SysTick_Handler) for SysTick_Handler
    startup_stm32g431xx.o(RESET) refers to stm32g4xx_it.o(i.USART1_IRQHandler) for USART1_IRQHandler
    startup_stm32g431xx.o(.text) refers to system_stm32g4xx.o(i.SystemInit) for SystemInit
    startup_stm32g431xx.o(.text) refers to entry.o(.ARM.Collect$$$$00000000) for __main
    bsp_rcc.o(i.SystemClock_Config) refers to memseta.o(.text) for __aeabi_memclr4
    bsp_rcc.o(i.SystemClock_Config) refers to stm32g4xx_hal_pwr_ex.o(i.HAL_PWREx_ControlVoltageScaling) for HAL_PWREx_ControlVoltageScaling
    bsp_rcc.o(i.SystemClock_Config) refers to stm32g4xx_hal_rcc.o(i.HAL_RCC_OscConfig) for HAL_RCC_OscConfig
    bsp_rcc.o(i.SystemClock_Config) refers to main.o(i.Error_Handler) for Error_Handler
    bsp_rcc.o(i.SystemClock_Config) refers to stm32g4xx_hal_rcc.o(i.HAL_RCC_ClockConfig) for HAL_RCC_ClockConfig
    key_led.o(i.KEY_LED_Init) refers to memseta.o(.text) for __aeabi_memclr4
    key_led.o(i.KEY_LED_Init) refers to stm32g4xx_hal_gpio.o(i.HAL_GPIO_WritePin) for HAL_GPIO_WritePin
    key_led.o(i.KEY_LED_Init) refers to stm32g4xx_hal_gpio.o(i.HAL_GPIO_Init) for HAL_GPIO_Init
    key_led.o(i.LED_control) refers to stm32g4xx_hal_gpio.o(i.HAL_GPIO_WritePin) for HAL_GPIO_WritePin
    key_led.o(i.key_Read) refers to stm32g4xx_hal_gpio.o(i.HAL_GPIO_ReadPin) for HAL_GPIO_ReadPin
    key_led.o(i.key_Read) refers to key_led.o(.data) for .data
    lcd.o(i.LCD_BusIn) refers to memseta.o(.text) for __aeabi_memclr4
    lcd.o(i.LCD_BusIn) refers to stm32g4xx_hal_gpio.o(i.HAL_GPIO_Init) for HAL_GPIO_Init
    lcd.o(i.LCD_BusOut) refers to memseta.o(.text) for __aeabi_memclr4
    lcd.o(i.LCD_BusOut) refers to stm32g4xx_hal_gpio.o(i.HAL_GPIO_Init) for HAL_GPIO_Init
    lcd.o(i.LCD_Clear) refers to lcd.o(i.LCD_SetCursor) for LCD_SetCursor
    lcd.o(i.LCD_Clear) refers to lcd.o(i.LCD_WriteRAM_Prepare) for LCD_WriteRAM_Prepare
    lcd.o(i.LCD_Clear) refers to lcd.o(i.LCD_WriteRAM) for LCD_WriteRAM
    lcd.o(i.LCD_ClearLine) refers to lcd.o(i.LCD_DisplayStringLine) for LCD_DisplayStringLine
    lcd.o(i.LCD_CtrlLinesConfig) refers to memseta.o(.text) for __aeabi_memclr4
    lcd.o(i.LCD_CtrlLinesConfig) refers to stm32g4xx_hal_gpio.o(i.HAL_GPIO_Init) for HAL_GPIO_Init
    lcd.o(i.LCD_CtrlLinesConfig) refers to lcd.o(i.LCD_BusOut) for LCD_BusOut
    lcd.o(i.LCD_DisplayChar) refers to lcd.o(i.LCD_DrawChar) for LCD_DrawChar
    lcd.o(i.LCD_DisplayChar) refers to lcd.o(.constdata) for .constdata
    lcd.o(i.LCD_DisplayOff) refers to lcd.o(i.LCD_WriteReg) for LCD_WriteReg
    lcd.o(i.LCD_DisplayOn) refers to lcd.o(i.LCD_WriteReg) for LCD_WriteReg
    lcd.o(i.LCD_DisplayStringLine) refers to lcd.o(i.LCD_DisplayChar) for LCD_DisplayChar
    lcd.o(i.LCD_DrawChar) refers to lcd.o(i.LCD_SetCursor) for LCD_SetCursor
    lcd.o(i.LCD_DrawChar) refers to lcd.o(i.LCD_WriteRAM_Prepare) for LCD_WriteRAM_Prepare
    lcd.o(i.LCD_DrawChar) refers to lcd.o(i.LCD_WriteRAM) for LCD_WriteRAM
    lcd.o(i.LCD_DrawChar) refers to lcd.o(.data) for .data
    lcd.o(i.LCD_DrawCircle) refers to lcd.o(i.LCD_SetCursor) for LCD_SetCursor
    lcd.o(i.LCD_DrawCircle) refers to lcd.o(i.LCD_WriteRAM_Prepare) for LCD_WriteRAM_Prepare
    lcd.o(i.LCD_DrawCircle) refers to lcd.o(i.LCD_WriteRAM) for LCD_WriteRAM
    lcd.o(i.LCD_DrawCircle) refers to lcd.o(.data) for .data
    lcd.o(i.LCD_DrawLine) refers to lcd.o(i.LCD_SetCursor) for LCD_SetCursor
    lcd.o(i.LCD_DrawLine) refers to lcd.o(i.LCD_WriteRAM_Prepare) for LCD_WriteRAM_Prepare
    lcd.o(i.LCD_DrawLine) refers to lcd.o(i.LCD_WriteRAM) for LCD_WriteRAM
    lcd.o(i.LCD_DrawLine) refers to lcd.o(.data) for .data
    lcd.o(i.LCD_DrawMonoPict) refers to lcd.o(i.LCD_SetCursor) for LCD_SetCursor
    lcd.o(i.LCD_DrawMonoPict) refers to lcd.o(i.LCD_WriteRAM_Prepare) for LCD_WriteRAM_Prepare
[...]
    Removing stm32g4xx_hal_rtc_ex.o(i.HAL_RTCEx_SetInternalTimeStamp), (64 bytes).
    Removing stm32g4xx_hal_rtc_ex.o(i.HAL_RTCEx_SetRefClock), (88 bytes).
    Removing stm32g4xx_hal_rtc_ex.o(i.HAL_RTCEx_SetSmoothCalib), (156 bytes).
    Removing stm32g4xx_hal_rtc_ex.o(i.HAL_RTCEx_SetSynchroShift), (184 bytes).
    Removing stm32g4xx_hal_rtc_ex.o(i.HAL_RTCEx_SetTamper), (136 bytes).
    Removing stm32g4xx_hal_rtc_ex.o(i.HAL_RTCEx_SetTamper_IT), (176 bytes).
    Removing stm32g4xx_hal_rtc_ex.o(i.HAL_RTCEx_SetTimeStamp), (76 bytes).
    Removing stm32g4xx_hal_rtc_ex.o(i.HAL_RTCEx_SetTimeStamp_IT), (116 bytes).
    Removing stm32g4xx_hal_rtc_ex.o(i.HAL_RTCEx_SetWakeUpTimer), (168 bytes).
    Removing stm32g4xx_hal_rtc_ex.o(i.HAL_RTCEx_SetWakeUpTimer_IT), (204 bytes).
    Removing stm32g4xx_hal_rtc_ex.o(i.HAL_RTCEx_Tamper1EventCallback), (2 bytes).
    Removing stm32g4xx_hal_rtc_ex.o(i.HAL_RTCEx_Tamper2EventCallback), (2 bytes).
    Removing stm32g4xx_hal_rtc_ex.o(i.HAL_RTCEx_Tamper3EventCallback), (2 bytes).
    Removing stm32g4xx_hal_rtc_ex.o(i.HAL_RTCEx_TamperIRQHandler), (112 bytes).
    Removing stm32g4xx_hal_rtc_ex.o(i.HAL_RTCEx_TimeStampEventCallback), (2 bytes).
    Removing stm32g4xx_hal_rtc_ex.o(i.HAL_RTCEx_TimeStampIRQHandler), (64 bytes).
    Removing stm32g4xx_hal_rtc_ex.o(i.HAL_RTCEx_WakeUpTimerEventCallback), (2 bytes).
    Removing stm32g4xx_hal_rtc_ex.o(i.HAL_RTCEx_WakeUpTimerIRQHandler), (48 bytes).
    Removing system_stm32g4xx.o(.rev16_text), (4 bytes).
    Removing system_stm32g4xx.o(.revsh_text), (4 bytes).
    Removing system_stm32g4xx.o(.rrx_text), (6 bytes).
    Removing system_stm32g4xx.o(i.SystemCoreClockUpdate), (128 bytes).
    Removing system_stm32g4xx.o(.constdata), (16 bytes).

479 unused section(s) (total 30399 bytes) removed from the image.

==============================================================================

Image Symbol Table

    Local Symbols

    Symbol Name                              Value     Ov Type        Size  Object(Section)

    ../Drivers/STM32G4xx_HAL_Driver/Src/stm32g4xx_hal.c 0x00000000   Number         0  stm32g4xx_hal.o ABSOLUTE
    ../Drivers/STM32G4xx_HAL_Driver/Src/stm32g4xx_hal_cortex.c 0x00000000   Number         0  stm32g4xx_hal_cortex.o ABSOLUTE
    ../Drivers/STM32G4xx_HAL_Driver/Src/stm32g4xx_hal_dma.c 0x00000000   Number         0  stm32g4xx_hal_dma.o ABSOLUTE
    ../Drivers/STM32G4xx_HAL_Driver/Src/stm32g4xx_hal_dma_ex.c 0x00000000   Number         0  stm32g4xx_hal_dma_ex.o ABSOLUTE
    ../Drivers/STM32G4xx_HAL_Driver/Src/stm32g4xx_hal_exti.c 0x00000000   Number         0  stm32g4xx_hal_exti.o ABSOLUTE
    ../Drivers/STM32G4xx_HAL_Driver/Src/stm32g4xx_hal_flash.c 0x00000000   Number         0  stm32g4xx_hal_flash.o ABSOLUTE
    ../Drivers/STM32G4xx_HAL_Driver/Src/stm32g4xx_hal_flash_ex.c 0x00000000   Number         0  stm32g4xx_hal_flash_ex.o ABSOLUTE
    ../Drivers/STM32G4xx_HAL_Driver/Src/stm32g4xx_hal_flash_ramfunc.c 0x00000000   Number         0  stm32g4xx_hal_flash_ramfunc.o ABSOLUTE
    ../Drivers/STM32G4xx_HAL_Driver/Src/stm32g4xx_hal_gpio.c 0x00000000   Number         0  stm32g4xx_hal_gpio.o ABSOLUTE
    ../Drivers/STM32G4xx_HAL_Driver/Src/stm32g4xx_hal_pwr.c 0x00000000   Number         0  stm32g4xx_hal_pwr.o ABSOLUTE
    ../Drivers/STM32G4xx_HAL_Driver/Src/stm32g4xx_hal_pwr_ex.c 0x00000000   Number         0  stm32g4xx_hal_pwr_ex.o ABSOLUTE
    ../Drivers/STM32G4xx_HAL_Driver/Src/stm32g4xx_hal_rcc.c 0x00000000   Number         0  stm32g4xx_hal_rcc.o ABSOLUTE
    ../Drivers/STM32G4xx_HAL_Driver/Src/stm32g4xx_hal_rcc_ex.c 0x00000000   Number         0  stm32g4xx_hal_rcc_ex.o ABSOLUTE
    ../Drivers/STM32G4xx_HAL_Driver/Src/stm32g4xx_hal_tim.c 0x00000000   Number         0  stm32g4xx_hal_tim.o ABSOLUTE
    ../Drivers/STM32G4xx_HAL_Driver/Src/stm32g4xx_hal_tim_ex.c 0x00000000   Number         0  stm32g4xx_hal_tim_ex.o ABSOLUTE
    ../Src/gpio.c                            0x00000000   Number         0  gpio.o ABSOLUTE
    ../Src/main.c                            0x00000000   Number         0  main.o ABSOLUTE
    ../Src/stm32g4xx_hal_msp.c               0x00000000   Number         0  stm32g4xx_hal_msp.o ABSOLUTE
    ../Src/stm32g4xx_it.c                    0x00000000   Number         0  stm32g4xx_it.o ABSOLUTE
    ../Src/system_stm32g4xx.c                0x00000000   Number         0  system_stm32g4xx.o ABSOLUTE
    ../clib/microlib/division.c              0x00000000   Number         0  uidiv.o ABSOLUTE
    ../clib/microlib/division.c              0x00000000   Number         0  uldiv.o ABSOLUTE
    ../clib/microlib/init/entry.s            0x00000000   Number         0  entry7b.o ABSOLUTE
    ../clib/microlib/init/entry.s            0x00000000   Number         0  entry.o ABSOLUTE
    ../clib/microlib/init/entry.s            0x00000000   Number         0  entry2.o ABSOLUTE
    ../clib/microlib/init/entry.s            0x00000000   Number         0  entry11a.o ABSOLUTE
    ../clib/microlib/init/entry.s            0x00000000   Number         0  entry8a.o ABSOLUTE
    ../clib/microlib/init/entry.s            0x00000000   Number         0  entry5.o ABSOLUTE
    ../clib/microlib/init/entry.s            0x00000000   Number         0  entry8b.o ABSOLUTE
    ../clib/microlib/init/entry.s            0x00000000   Number         0  entry9a.o ABSOLUTE
    ../clib/microlib/init/entry.s            0x00000000   Number         0  entry10a.o ABSOLUTE
    ../clib/microlib/init/entry.s            0x00000000   Number         0  entry10b.o ABSOLUTE
    ../clib/microlib/init/entry.s            0x00000000   Number         0  entry9b.o ABSOLUTE
    ../clib/microlib/init/entry.s            0x00000000   Number         0  entry7a.o ABSOLUTE
    ../clib/microlib/init/entry.s            0x00000000   Number         0  entry11b.o ABSOLUTE
    ../clib/microlib/longlong.c              0x00000000   Number         0  llsshr.o ABSOLUTE
    ../clib/microlib/longlong.c              0x00000000   Number         0  llushr.o ABSOLUTE
    ../clib/microlib/longlong.c              0x00000000   Number         0  llshl.o ABSOLUTE
    ../clib/microlib/printf/printf.c         0x00000000   Number         0  printf1.o ABSOLUTE
    ../clib/microlib/printf/printf.c         0x00000000   Number         0  printf0.o ABSOLUTE
    ../clib/microlib/printf/printf.c         0x00000000   Number         0  printfb.o ABSOLUTE
    ../clib/microlib/printf/printf.c         0x00000000   Number         0  printf7.o ABSOLUTE
    ../clib/microlib/printf/printf.c         0x00000000   Number         0  printfa.o ABSOLUTE
    ../clib/microlib/printf/printf.c         0x00000000   Number         0  printf8.o ABSOLUTE
    ../clib/microlib/printf/printf.c         0x00000000   Number         0  printf6.o ABSOLUTE
    ../clib/microlib/printf/printf.c         0x00000000   Number         0  printf5.o ABSOLUTE
    ../clib/microlib/printf/printf.c         0x00000000   Number         0  printf4.o ABSOLUTE
    ../clib/microlib/printf/printf.c         0x00000000   Number         0  printf3.o ABSOLUTE
    ../clib/microlib/printf/printf.c         0x00000000   Number         0  printf2.o ABSOLUTE
    ../clib/microlib/printf/stubs.s          0x00000000   Number         0  stubs.o ABSOLUTE
    ../clib/microlib/stdio/streams.c         0x00000000   Number         0  stdout.o ABSOLUTE
    ../clib/microlib/string/memset.c         0x00000000   Number         0  memseta.o ABSOLUTE
    ../clib/microlib/stubs.s                 0x00000000   Number         0  iusefp.o ABSOLUTE
    ../fplib/microlib/f2d.c                  0x00000000   Number         0  f2d.o ABSOLUTE
    ../fplib/microlib/fpadd.c                0x00000000   Number         0  dadd.o ABSOLUTE
    ../fplib/microlib/fpdiv.c                0x00000000   Number         0  ddiv.o ABSOLUTE
    ../fplib/microlib/fpepilogue.c           0x00000000   Number         0  depilogue.o ABSOLUTE
    ../fplib/microlib/fpfix.c                0x00000000   Number         0  dfixul.o ABSOLUTE
    ../fplib/microlib/fpmul.c                0x00000000   Number         0  dmul.o ABSOLUTE
    ..\Drivers\STM32G4xx_HAL_Driver\Src\stm32g4xx_hal.c 0x00000000   Number         0  stm32g4xx_hal.o ABSOLUTE
    ..\Drivers\STM32G4xx_HAL_Driver\Src\stm32g4xx_hal_adc.c 0x00000000   Number         0  stm32g4xx_hal_adc.o ABSOLUTE
    ..\Drivers\STM32G4xx_HAL_Driver\Src\stm32g4xx_hal_adc_ex.c 0x00000000   Number         0  stm32g4xx_hal_adc_ex.o ABSOLUTE
    ..\Drivers\STM32G4xx_HAL_Driver\Src\stm32g4xx_hal_cortex.c 0x00000000   Number         0  stm32g4xx_hal_cortex.o ABSOLUTE
    ..\Drivers\STM32G4xx_HAL_Driver\Src\stm32g4xx_hal_dma.c 0x00000000   Number         0  stm32g4xx_hal_dma.o ABSOLUTE
    ..\Drivers\STM32G4xx_HAL_Driver\Src\stm32g4xx_hal_dma_ex.c 0x00000000   Number         0  stm32g4xx_hal_dma_ex.o ABSOLUTE
    ..\Drivers\STM32G4xx_HAL_Driver\Src\stm32g4xx_hal_exti.c 0x00000000   Number         0  stm32g4xx_hal_exti.o ABSOLUTE
    ..\Drivers\STM32G4xx_HAL_Driver\Src\stm32g4xx_hal_flash.c 0x00000000   Number         0  stm32g4xx_hal_flash.o ABSOLUTE
    ..\Drivers\STM32G4xx_HAL_Driver\Src\stm32g4xx_hal_flash_ex.c 0x00000000   Number         0  stm32g4xx_hal_flash_ex.o ABSOLUTE
    ..\Drivers\STM32G4xx_HAL_Driver\Src\stm32g4xx_hal_flash_ramfunc.c 0x00000000   Number         0  stm32g4xx_hal_flash_ramfunc.o ABSOLUTE
    ..\Drivers\STM32G4xx_HAL_Driver\Src\stm32g4xx_hal_gpio.c 0x00000000   Number         0  stm32g4xx_hal_gpio.o ABSOLUTE
    ..\Drivers\STM32G4xx_HAL_Driver\Src\stm32g4xx_hal_pwr.c 0x00000000   Number         0  stm32g4xx_hal_pwr.o ABSOLUTE
    ..\Drivers\STM32G4xx_HAL_Driver\Src\stm32g4xx_hal_pwr_ex.c 0x00000000   Number         0  stm32g4xx_hal_pwr_ex.o ABSOLUTE
    ..\Drivers\STM32G4xx_HAL_Driver\Src\stm32g4xx_hal_rcc.c 0x00000000   Number         0  stm32g4xx_hal_rcc.o ABSOLUTE
    ..\Drivers\STM32G4xx_HAL_Driver\Src\stm32g4xx_hal_rcc_ex.c 0x00000000   Number         0  stm32g4xx_hal_rcc_ex.o ABSOLUTE
    ..\Drivers\STM32G4xx_HAL_Driver\Src\stm32g4xx_hal_rtc.c 0x00000000   Number         0  stm32g4xx_hal_rtc.o ABSOLUTE
    ..\Drivers\STM32G4xx_HAL_Driver\Src\stm32g4xx_hal_rtc_ex.c 0x00000000   Number         0  stm32g4xx_hal_rtc_ex.o ABSOLUTE
    ..\Drivers\STM32G4xx_HAL_Driver\Src\stm32g4xx_hal_tim.c 0x00000000   Number         0  stm32g4xx_hal_tim.o ABSOLUTE
    ..\Drivers\STM32G4xx_HAL_Driver\Src\stm32g4xx_hal_tim_ex.c 0x00000000   Number         0  stm32g4xx_hal_tim_ex.o ABSOLUTE
    ..\Drivers\STM32G4xx_HAL_Driver\Src\stm32g4xx_hal_uart.c 0x00000000   Number         0  stm32g4xx_hal_uart.o ABSOLUTE
    ..\Drivers\STM32G4xx_HAL_Driver\Src\stm32g4xx_hal_uart_ex.c 0x00000000   Number         0  stm32g4xx_hal_uart_ex.o ABSOLUTE
    ..\Src\bsp\ADC\bsp_adc.c                 0x00000000   Number         0  bsp_adc.o ABSOLUTE
    ..\Src\bsp\KEY_LED\key_led.c             0x00000000   Number         0  key_led.o ABSOLUTE
    ..\Src\bsp\LCD\lcd.c                     0x00000000   Number         0  lcd.o ABSOLUTE
    ..\Src\bsp\RTC\bsp_rtc.c                 0x00000000   Number         0  bsp_rtc.o ABSOLUTE
    ..\Src\bsp\UART\bsp_uart.c               0x00000000   Number         0  bsp_uart.o ABSOLUTE
    ..\Src\bsp\bsp_rcc\bsp_rcc.c             0x00000000   Number         0  bsp_rcc.o ABSOLUTE
    ..\Src\bsp\i2c\bsp_i2c.c                 0x00000000   Number         0  bsp_i2c.o ABSOLUTE
    ..\Src\gpio.c                            0x00000000   Number         0  gpio.o ABSOLUTE
    ..\Src\main.c                            0x00000000   Number         0  main.o ABSOLUTE
    ..\Src\stm32g4xx_hal_msp.c               0x00000000   Number         0  stm32g4xx_hal_msp.o ABSOLUTE
    ..\Src\stm32g4xx_it.c                    0x00000000   Number         0  stm32g4xx_it.o ABSOLUTE
    ..\Src\system_stm32g4xx.c                0x00000000   Number         0  system_stm32g4xx.o ABSOLUTE
    ..\\Drivers\\STM32G4xx_HAL_Driver\\Src\\stm32g4xx_hal_adc.c 0x00000000   Number         0  stm32g4xx_hal_adc.o ABSOLUTE
    ..\\Drivers\\STM32G4xx_HAL_Driver\\Src\\stm32g4xx_hal_adc_ex.c 0x00000000   Number         0  stm32g4xx_hal_adc_ex.o ABSOLUTE
    ..\\Drivers\\STM32G4xx_HAL_Driver\\Src\\stm32g4xx_hal_rtc.c 0x00000000   Number         0  stm32g4xx_hal_rtc.o ABSOLUTE
    ..\\Drivers\\STM32G4xx_HAL_Driver\\Src\\stm32g4xx_hal_rtc_ex.c 0x00000000   Number         0  stm32g4xx_hal_rtc_ex.o ABSOLUTE
    ..\\Drivers\\STM32G4xx_HAL_Driver\\Src\\stm32g4xx_hal_uart.c 0x00000000   Number         0  stm32g4xx_hal_uart.o ABSOLUTE
    ..\\Drivers\\STM32G4xx_HAL_Driver\\Src\\stm32g4xx_hal_uart_ex.c 0x00000000   Number         0  stm32g4xx_hal_uart_ex.o ABSOLUTE
    ..\\Src\\bsp\\ADC\\bsp_adc.c             0x00000000   Number         0  bsp_adc.o ABSOLUTE
    ..\\Src\\bsp\\KEY_LED\\key_led.c         0x00000000   Number         0  key_led.o ABSOLUTE
    ..\\Src\\bsp\\LCD\\lcd.c                 0x00000000   Number         0  lcd.o ABSOLUTE
    ..\\Src\\bsp\\RTC\\bsp_rtc.c             0x00000000   Number         0  bsp_rtc.o ABSOLUTE
    ..\\Src\\bsp\\UART\\bsp_uart.c           0x00000000   Number         0  bsp_uart.o ABSOLUTE
    ..\\Src\\bsp\\bsp_rcc\\bsp_rcc.c         0x00000000   Number         0  bsp_rcc.o ABSOLUTE
    ..\\Src\\bsp\\i2c\\bsp_i2c.c             0x00000000   Number         0  bsp_i2c.o ABSOLUTE
    cdrcmple.s                               0x00000000   Number         0  cdrcmple.o ABSOLUTE
    dc.s                                     0x00000000   Number         0  dc.o ABSOLUTE
    handlers.s                               0x00000000   Number         0  handlers.o ABSOLUTE
    init.s                                   0x00000000   Number         0  init.o ABSOLUTE
    startup_stm32g431xx.s                    0x00000000   Number         0  startup_stm32g431xx.o ABSOLUTE
    RESET                                    0x08000000   Section      472  startup_stm32g431xx.o(RESET)
    .ARM.Collect$$$$00000000                 0x080001d8   Section        0  entry.o(.ARM.Collect$$$$00000000)
    .ARM.Collect$$$$00000001                 0x080001d8   Section        4  entry2.o(.ARM.Collect$$$$00000001)
    .ARM.Collect$$$$00000004                 0x080001dc   Section        4  entry5.o(.ARM.Collect$$$$00000004)
    .ARM.Collect$$$$00000008                 0x080001e0   Section        0  entry7b.o(.ARM.Collect$$$$00000008)
    .ARM.Collect$$$$0000000A                 0x080001e0   Section        0  entry8b.o(.ARM.Collect$$$$0000000A)
    .ARM.Collect$$$$0000000B                 0x080001e0   Section        8  entry9a.o(.ARM.Collect$$$$0000000B)
    .ARM.Collect$$$$0000000D                 0x080001e8   Section        0  entry10a.o(.ARM.Collect$$$$0000000D)
    .ARM.Collect$$$$0000000F                 0x080001e8   Section        0  entry11a.o(.ARM.Collect$$$$0000000F)
    .ARM.Collect$$$$00002712                 0x080001e8   Section        4  entry2.o(.ARM.Collect$$$$00002712)
    __lit__00000000                          0x080001e8   Data           4  entry2.o(.ARM.Collect$$$$00002712)
    .text                                    0x080001ec   Section       36  startup_stm32g431xx.o(.text)
    $v0                                      0x080001ec   Number         0  startup_stm32g431xx.o(.text)
    .text                                    0x08000210   Section        0  uldiv.o(.text)
    .text                                    0x08000272   Section        0  memseta.o(.text)
    .text                                    0x08000296   Section        0  f2d.o(.text)
    .text                                    0x080002bc   Section        0  uidiv.o(.text)
    .text                                    0x080002e8   Section        0  llshl.o(.text)
    .text                                    0x08000306   Section        0  llushr.o(.text)
    .text                                    0x08000326   Section        0  dadd.o(.text)
    .text                                    0x08000326   Section        0  iusefp.o(.text)
    .text                                    0x08000474   Section        0  dmul.o(.text)
    .text                                    0x08000558   Section        0  ddiv.o(.text)
    .text                                    0x08000636   Section        0  dfixul.o(.text)
    .text                                    0x08000668   Section       48  cdrcmple.o(.text)
    .text                                    0x08000698   Section       36  init.o(.text)
    .text                                    0x080006bc   Section        0  llsshr.o(.text)
    .text                                    0x080006e0   Section        0  depilogue.o(.text)
    i.ADC1_Init                              0x0800079c   Section        0  bsp_adc.o(i.ADC1_Init)
    i.ADC2_Init                              0x0800082c   Section        0  bsp_adc.o(i.ADC2_Init)
    i.ADC_Enable                             0x080008a8   Section        0  stm32g4xx_hal_adc.o(i.ADC_Enable)
    i.ADC_Process                            0x08000910   Section        0  main.o(i.ADC_Process)
    i.BusFault_Handler                       0x08000984   Section        0  stm32g4xx_it.o(i.BusFault_Handler)
    i.DebugMon_Handler                       0x08000986   Section        0  stm32g4xx_it.o(i.DebugMon_Handler)
    i.Delay_LCD                              0x08000988   Section        0  lcd.o(i.Delay_LCD)
    i.EEPROM_Read                            0x080009a4   Section        0  bsp_i2c.o(i.EEPROM_Read)
    i.EEPROM_Write                           0x080009e0   Section        0  bsp_i2c.o(i.EEPROM_Write)
    i.Error_Handler                          0x08000a16   Section        0  main.o(i.Error_Handler)
    i.HAL_ADCEx_MultiModeConfigChannel       0x08000a1c   Section        0  stm32g4xx_hal_adc_ex.o(i.HAL_ADCEx_MultiModeConfigChannel)
    i.HAL_ADC_ConfigChannel                  0x08000af0   Section        0  stm32g4xx_hal_adc.o(i.HAL_ADC_ConfigChannel)
    i.HAL_ADC_GetValue                       0x08000f10   Section        0  stm32g4xx_hal_adc.o(i.HAL_ADC_GetValue)
    i.HAL_ADC_Init                           0x08000f18   Section        0  stm32g4xx_hal_adc.o(i.HAL_ADC_Init)
    i.HAL_ADC_MspInit                        0x08001110   Section        0  bsp_adc.o(i.HAL_ADC_MspInit)
    i.HAL_ADC_Start                          0x080011f4   Section        0  stm32g4xx_hal_adc.o(i.HAL_ADC_Start)
    i.HAL_DMA_Abort_IT                       0x080012e8   Section        0  stm32g4xx_hal_dma.o(i.HAL_DMA_Abort_IT)
    i.HAL_Delay                              0x08001360   Section        0  stm32g4xx_hal.o(i.HAL_Delay)
    i.HAL_GPIO_Init                          0x08001384   Section        0  stm32g4xx_hal_gpio.o(i.HAL_GPIO_Init)
    i.HAL_GPIO_ReadPin                       0x0800154c   Section        0  stm32g4xx_hal_gpio.o(i.HAL_GPIO_ReadPin)
    i.HAL_GPIO_WritePin                      0x08001556   Section        0  stm32g4xx_hal_gpio.o(i.HAL_GPIO_WritePin)
    i.HAL_GetTick                            0x08001560   Section        0  stm32g4xx_hal.o(i.HAL_GetTick)
    i.HAL_IncTick                            0x0800156c   Section        0  stm32g4xx_hal.o(i.HAL_IncTick)
    i.HAL_Init                               0x0800157c   Section        0  stm32g4xx_hal.o(i.HAL_Init)
    i.HAL_InitTick                           0x0800159c   Section        0  stm32g4xx_hal.o(i.HAL_InitTick)
    i.HAL_MspInit                            0x080015e0   Section        0  stm32g4xx_hal_msp.o(i.HAL_MspInit)
    i.HAL_NVIC_EnableIRQ                     0x0800160c   Section        0  stm32g4xx_hal_cortex.o(i.HAL_NVIC_EnableIRQ)
    i.HAL_NVIC_SetPriority                   0x08001628   Section        0  stm32g4xx_hal_cortex.o(i.HAL_NVIC_SetPriority)
    i.HAL_NVIC_SetPriorityGrouping           0x08001668   Section        0  stm32g4xx_hal_cortex.o(i.HAL_NVIC_SetPriorityGrouping)
    i.HAL_RCCEx_PeriphCLKConfig              0x0800168c   Section        0  stm32g4xx_hal_rcc_ex.o(i.HAL_RCCEx_PeriphCLKConfig)
    i.HAL_RCC_GetPCLK1Freq                   0x08001914   Section        0  stm32g4xx_hal_rcc.o(i.HAL_RCC_GetPCLK1Freq)
    i.HAL_RCC_GetPCLK2Freq                   0x08001938   Section        0  stm32g4xx_hal_rcc.o(i.HAL_RCC_GetPCLK2Freq)
    i.HAL_RCC_GetSysClockFreq                0x0800195c   Section        0  stm32g4xx_hal_rcc.o(i.HAL_RCC_GetSysClockFreq)
    i.HAL_RTC_GetDate                        0x080019cc   Section        0  stm32g4xx_hal_rtc.o(i.HAL_RTC_GetDate)
    i.HAL_RTC_GetTime                        0x08001a14   Section        0  stm32g4xx_hal_rtc.o(i.HAL_RTC_GetTime)
    i.HAL_RTC_Init                           0x08001a70   Section        0  stm32g4xx_hal_rtc.o(i.HAL_RTC_Init)
    i.HAL_RTC_MspInit                        0x08001b04   Section        0  bsp_rtc.o(i.HAL_RTC_MspInit)
    i.HAL_RTC_SetDate                        0x08001b5c   Section        0  stm32g4xx_hal_rtc.o(i.HAL_RTC_SetDate)
    i.HAL_RTC_SetTime                        0x08001c04   Section        0  stm32g4xx_hal_rtc.o(i.HAL_RTC_SetTime)
    i.HAL_RTC_WaitForSynchro                 0x08001cd4   Section        0  stm32g4xx_hal_rtc.o(i.HAL_RTC_WaitForSynchro)
    i.HAL_SYSTICK_Config                     0x08001d08   Section        0  stm32g4xx_hal_cortex.o(i.HAL_SYSTICK_Config)
    i.HAL_UARTEx_DisableFifoMode             0x08001d30   Section        0  stm32g4xx_hal_uart_ex.o(i.HAL_UARTEx_DisableFifoMode)
    i.HAL_UARTEx_RxFifoFullCallback          0x08001d6e   Section        0  stm32g4xx_hal_uart_ex.o(i.HAL_UARTEx_RxFifoFullCallback)
    i.HAL_UARTEx_SetRxFifoThreshold          0x08001d70   Section        0  stm32g4xx_hal_uart_ex.o(i.HAL_UARTEx_SetRxFifoThreshold)
    i.HAL_UARTEx_SetTxFifoThreshold          0x08001dbc   Section        0  stm32g4xx_hal_uart_ex.o(i.HAL_UARTEx_SetTxFifoThreshold)
    i.HAL_UARTEx_TxFifoEmptyCallback         0x08001e08   Section        0  stm32g4xx_hal_uart_ex.o(i.HAL_UARTEx_TxFifoEmptyCallback)
    i.HAL_UARTEx_WakeupCallback              0x08001e0a   Section        0  stm32g4xx_hal_uart_ex.o(i.HAL_UARTEx_WakeupCallback)
    i.HAL_UART_ErrorCallback                 0x08001e0c   Section        0  stm32g4xx_hal_uart.o(i.HAL_UART_ErrorCallback)
    i.HAL_UART_IRQHandler                    0x08001e10   Section        0  stm32g4xx_hal_uart.o(i.HAL_UART_IRQHandler)
    i.HAL_UART_Init                          0x08001fac   Section        0  stm32g4xx_hal_uart.o(i.HAL_UART_Init)
    i.HAL_UART_MspInit                       0x08002018   Section        0  bsp_uart.o(i.HAL_UART_MspInit)
    i.HAL_UART_Receive_IT                    0x080020a4   Section        0  stm32g4xx_hal_uart.o(i.HAL_UART_Receive_IT)
    i.HAL_UART_RxCpltCallback                0x080021a0   Section        0  main.o(i.HAL_UART_RxCpltCallback)
    i.HAL_UART_Transmit                      0x080021c0   Section        0  stm32g4xx_hal_uart.o(i.HAL_UART_Transmit)
    i.HAL_UART_TxCpltCallback                0x0800227c   Section        0  stm32g4xx_hal_uart.o(i.HAL_UART_TxCpltCallback)
    i.HardFault_Handler                      0x0800227e   Section        0  stm32g4xx_it.o(i.HardFault_Handler)
    i.I2CInit                                0x08002280   Section        0  bsp_i2c.o(i.I2CInit)
    i.I2CReceiveByte                         0x080022ac   Section        0  bsp_i2c.o(i.I2CReceiveByte)
    i.I2CSendByte                            0x080022fa   Section        0  bsp_i2c.o(i.I2CSendByte)
    i.I2CSendNotAck                          0x08002348   Section        0  bsp_i2c.o(i.I2CSendNotAck)
    i.I2CStart                               0x08002378   Section        0  bsp_i2c.o(i.I2CStart)
    i.I2CStop                                0x080023ae   Section        0  bsp_i2c.o(i.I2CStop)
    i.I2CWaitAck                             0x080023e4   Section        0  bsp_i2c.o(i.I2CWaitAck)
    i.KEY_LED_Init                           0x08002434   Section        0  key_led.o(i.KEY_LED_Init)
    i.KEY_Process                            0x08002508   Section        0  main.o(i.KEY_Process)
    i.LCD_BusIn                              0x08002540   Section        0  lcd.o(i.LCD_BusIn)
    i.LCD_BusOut                             0x0800256c   Section        0  lcd.o(i.LCD_BusOut)
    i.LCD_Clear                              0x0800259c   Section        0  lcd.o(i.LCD_Clear)
    i.LCD_CtrlLinesConfig                    0x080025c0   Section        0  lcd.o(i.LCD_CtrlLinesConfig)
    i.LCD_DisplayChar                        0x08002650   Section        0  lcd.o(i.LCD_DisplayChar)
    i.LCD_DisplayStringLine                  0x08002668   Section        0  lcd.o(i.LCD_DisplayStringLine)
    i.LCD_DrawChar                           0x08002694   Section        0  lcd.o(i.LCD_DrawChar)
    i.LCD_Init                               0x080026ec   Section        0  lcd.o(i.LCD_Init)
    i.LCD_Process                            0x08002720   Section        0  main.o(i.LCD_Process)
    i.LCD_ReadReg                            0x0800282c   Section        0  lcd.o(i.LCD_ReadReg)
    i.LCD_SetBackColor                       0x080028ac   Section        0  lcd.o(i.LCD_SetBackColor)
    i.LCD_SetCursor                          0x080028bc   Section        0  lcd.o(i.LCD_SetCursor)
    i.LCD_SetTextColor                       0x080028d4   Section        0  lcd.o(i.LCD_SetTextColor)
    i.LCD_WriteRAM                           0x080028e4   Section        0  lcd.o(i.LCD_WriteRAM)
    i.LCD_WriteRAM_Prepare                   0x0800293c   Section        0  lcd.o(i.LCD_WriteRAM_Prepare)
    i.LCD_WriteReg                           0x08002998   Section        0  lcd.o(i.LCD_WriteReg)
    i.LED_Process                            0x08002a04   Section        0  main.o(i.LED_Process)
    i.LED_control                            0x08002a24   Section        0  key_led.o(i.LED_control)
    i.LL_ADC_GetOffsetChannel                0x08002a78   Section        0  stm32g4xx_hal_adc.o(i.LL_ADC_GetOffsetChannel)
    LL_ADC_GetOffsetChannel                  0x08002a79   Thumb Code    12  stm32g4xx_hal_adc.o(i.LL_ADC_GetOffsetChannel)
    i.LL_ADC_INJ_IsConversionOngoing         0x08002a84   Section        0  stm32g4xx_hal_adc.o(i.LL_ADC_INJ_IsConversionOngoing)
    LL_ADC_INJ_IsConversionOngoing           0x08002a85   Thumb Code     8  stm32g4xx_hal_adc.o(i.LL_ADC_INJ_IsConversionOngoing)
    i.LL_ADC_REG_IsConversionOngoing         0x08002a8c   Section        0  stm32g4xx_hal_adc.o(i.LL_ADC_REG_IsConversionOngoing)
    LL_ADC_REG_IsConversionOngoing           0x08002a8d   Thumb Code     8  stm32g4xx_hal_adc.o(i.LL_ADC_REG_IsConversionOngoing)
    i.LL_ADC_REG_IsConversionOngoing         0x08002a94   Section        0  stm32g4xx_hal_adc_ex.o(i.LL_ADC_REG_IsConversionOngoing)
    LL_ADC_REG_IsConversionOngoing           0x08002a95   Thumb Code     8  stm32g4xx_hal_adc_ex.o(i.LL_ADC_REG_IsConversionOngoing)
    i.LL_ADC_SetChannelSamplingTime          0x08002a9c   Section        0  stm32g4xx_hal_adc.o(i.LL_ADC_SetChannelSamplingTime)
    LL_ADC_SetChannelSamplingTime            0x08002a9d   Thumb Code    30  stm32g4xx_hal_adc.o(i.LL_ADC_SetChannelSamplingTime)
    i.LL_ADC_SetOffsetState                  0x08002aba   Section        0  stm32g4xx_hal_adc.o(i.LL_ADC_SetOffsetState)
    LL_ADC_SetOffsetState                    0x08002abb   Thumb Code    16  stm32g4xx_hal_adc.o(i.LL_ADC_SetOffsetState)
    i.MX_GPIO_Init                           0x08002acc   Section        0  gpio.o(i.MX_GPIO_Init)
    i.MemManage_Handler                      0x08002ae8   Section        0  stm32g4xx_it.o(i.MemManage_Handler)
    i.NMI_Handler                            0x08002aea   Section        0  stm32g4xx_it.o(i.NMI_Handler)
    i.PendSV_Handler                         0x08002aec   Section        0  stm32g4xx_it.o(i.PendSV_Handler)
    i.REG_8230_Init                          0x08002aee   Section        0  lcd.o(i.REG_8230_Init)
    i.REG_932X_Init                          0x08002c00   Section        0  lcd.o(i.REG_932X_Init)
    i.RTC_Bcd2ToByte                         0x08002e02   Section        0  stm32g4xx_hal_rtc.o(i.RTC_Bcd2ToByte)
    i.RTC_ByteToBcd2                         0x08002e14   Section        0  stm32g4xx_hal_rtc.o(i.RTC_ByteToBcd2)
    i.RTC_EnterInitMode                      0x08002e2c   Section        0  stm32g4xx_hal_rtc.o(i.RTC_EnterInitMode)
    i.RTC_ExitInitMode                       0x08002e78   Section        0  stm32g4xx_hal_rtc.o(i.RTC_ExitInitMode)
    i.RTC_Init                               0x08002ed0   Section        0  bsp_rtc.o(i.RTC_Init)
    i.RTC_Process                            0x08002f64   Section        0  main.o(i.RTC_Process)
    i.SCL_Output                             0x08002f8c   Section        0  bsp_i2c.o(i.SCL_Output)
    i.SDA_Input                              0x08002fa4   Section        0  bsp_i2c.o(i.SDA_Input)
    i.SDA_Input_Mode                         0x08002fbc   Section        0  bsp_i2c.o(i.SDA_Input_Mode)
    i.SDA_Output                             0x08002fe8   Section        0  bsp_i2c.o(i.SDA_Output)
    i.SDA_Output_Mode                        0x08003000   Section        0  bsp_i2c.o(i.SDA_Output_Mode)
    i.SVC_Handler                            0x0800302c   Section        0  stm32g4xx_it.o(i.SVC_Handler)
    i.SysTick_Handler                        0x0800302e   Section        0  stm32g4xx_it.o(i.SysTick_Handler)
    i.SystemInit                             0x08003034   Section        0  system_stm32g4xx.o(i.SystemInit)
    i.UART1_Init                             0x08003050   Section        0  bsp_uart.o(i.UART1_Init)
    i.UARTEx_SetNbDataToProcess              0x080030b8   Section        0  stm32g4xx_hal_uart_ex.o(i.UARTEx_SetNbDataToProcess)
    UARTEx_SetNbDataToProcess                0x080030b9   Thumb Code    82  stm32g4xx_hal_uart_ex.o(i.UARTEx_SetNbDataToProcess)
    i.UART_AdvFeatureConfig                  0x0800311c   Section        0  stm32g4xx_hal_uart.o(i.UART_AdvFeatureConfig)
    i.UART_CheckIdleState                    0x080031e4   Section        0  stm32g4xx_hal_uart.o(i.UART_CheckIdleState)
    i.UART_DMAAbortOnError                   0x08003242   Section        0  stm32g4xx_hal_uart.o(i.UART_DMAAbortOnError)
    UART_DMAAbortOnError                     0x08003243   Thumb Code    20  stm32g4xx_hal_uart.o(i.UART_DMAAbortOnError)
    i.UART_EndRxTransfer                     0x08003258   Section        0  stm32g4xx_hal_uart.o(i.UART_EndRxTransfer)
    UART_EndRxTransfer                       0x08003259   Thumb Code    32  stm32g4xx_hal_uart.o(i.UART_EndRxTransfer)
    i.UART_RxISR_16BIT                       0x0800327c   Section        0  stm32g4xx_hal_uart.o(i.UART_RxISR_16BIT)
    UART_RxISR_16BIT                         0x0800327d   Thumb Code    94  stm32g4xx_hal_uart.o(i.UART_RxISR_16BIT)
    i.UART_RxISR_16BIT_FIFOEN                0x080032dc   Section        0  stm32g4xx_hal_uart.o(i.UART_RxISR_16BIT_FIFOEN)
    UART_RxISR_16BIT_FIFOEN                  0x080032dd   Thumb Code   152  stm32g4xx_hal_uart.o(i.UART_RxISR_16BIT_FIFOEN)
    i.UART_RxISR_8BIT                        0x0800337c   Section        0  stm32g4xx_hal_uart.o(i.UART_RxISR_8BIT)
    UART_RxISR_8BIT                          0x0800337d   Thumb Code    94  stm32g4xx_hal_uart.o(i.UART_RxISR_8BIT)
    i.UART_RxISR_8BIT_FIFOEN                 0x080033dc   Section        0  stm32g4xx_hal_uart.o(i.UART_RxISR_8BIT_FIFOEN)
    UART_RxISR_8BIT_FIFOEN                   0x080033dd   Thumb Code   152  stm32g4xx_hal_uart.o(i.UART_RxISR_8BIT_FIFOEN)
    i.UART_SetConfig                         0x0800347c   Section        0  stm32g4xx_hal_uart.o(i.UART_SetConfig)
    i.UART_WaitOnFlagUntilTimeout            0x08003c22   Section        0  stm32g4xx_hal_uart.o(i.UART_WaitOnFlagUntilTimeout)
    i.USART1_IRQHandler                      0x08003c88   Section        0  stm32g4xx_it.o(i.USART1_IRQHandler)
    i.UsageFault_Handler                     0x08003c94   Section        0  stm32g4xx_it.o(i.UsageFault_Handler)
    i.__0printf                              0x08003c98   Section        0  printfa.o(i.__0printf)
    i.__0sprintf                             0x08003cb8   Section        0  printfa.o(i.__0sprintf)
    i.__NVIC_SetPriority                     0x08003ce0   Section        0  stm32g4xx_hal_cortex.o(i.__NVIC_SetPriority)
    __NVIC_SetPriority                       0x08003ce1   Thumb Code    32  stm32g4xx_hal_cortex.o(i.__NVIC_SetPriority)
    i.__scatterload_copy                     0x08003d00   Section       14  handlers.o(i.__scatterload_copy)
    i.__scatterload_null                     0x08003d0e   Section        2  handlers.o(i.__scatterload_null)
    i.__scatterload_zeroinit                 0x08003d10   Section       14  handlers.o(i.__scatterload_zeroinit)
    i._fp_digits                             0x08003d20   Section        0  printfa.o(i._fp_digits)
    _fp_digits                               0x08003d21   Thumb Code   366  printfa.o(i._fp_digits)
    i._printf_core                           0x08003ea4   Section        0  printfa.o(i._printf_core)
    _printf_core                             0x08003ea5   Thumb Code  1744  printfa.o(i._printf_core)
    i._printf_post_padding                   0x08004580   Section        0  printfa.o(i._printf_post_padding)
    _printf_post_padding                     0x08004581   Thumb Code    36  printfa.o(i._printf_post_padding)
    i._printf_pre_padding                    0x080045a4   Section        0  printfa.o(i._printf_pre_padding)
    _printf_pre_padding                      0x080045a5   Thumb Code    46  printfa.o(i._printf_pre_padding)
    i._sputc                                 0x080045d2   Section        0  printfa.o(i._sputc)
    _sputc                                   0x080045d3   Thumb Code    10  printfa.o(i._sputc)
    i.delay1                                 0x080045dc   Section        0  bsp_i2c.o(i.delay1)
    delay1                                   0x080045dd   Thumb Code    12  bsp_i2c.o(i.delay1)
    i.fputc                                  0x080045e8   Section        0  bsp_uart.o(i.fputc)
    i.key_Read                               0x08004600   Section        0  key_led.o(i.key_Read)
    i.main                                   0x08004650   Section        0  main.o(i.main)
    .constdata                               0x080046f0   Section     4560  lcd.o(.constdata)
    .constdata                               0x080058c0   Section        8  system_stm32g4xx.o(.constdata)
    .data                                    0x20000000   Section        2  key_led.o(.data)
    .data                                    0x20000002   Section        6  lcd.o(.data)
    TextColor                                0x20000002   Data           2  lcd.o(.data)
    BackColor                                0x20000004   Data           2  lcd.o(.data)
    .data                                    0x20000008   Section        4  bsp_adc.o(.data)
    HAL_RCC_ADC12_CLK_ENABLED                0x20000008   Data           4  bsp_adc.o(.data)
    .data                                    0x2000000c   Section       32  main.o(.data)
    .data                                    0x2000002c   Section       12  stm32g4xx_hal.o(.data)
    .data                                    0x20000038   Section        4  system_stm32g4xx.o(.data)
    .data                                    0x2000003c   Section        4  stdout.o(.data)
    .bss                                     0x20000040   Section      140  bsp_uart.o(.bss)
    .bss                                     0x200000cc   Section      216  bsp_adc.o(.bss)
    .bss                                     0x200001a4   Section       40  bsp_rtc.o(.bss)
    .bss                                     0x200001cc   Section       20  main.o(.bss)
    STACK                                    0x200001e0   Section     1024  startup_stm32g431xx.o(STACK)

    Global Symbols

    Symbol Name                              Value     Ov Type        Size  Object(Section)

    BuildAttributes$$THM_ISAv4$E$P$D$K$B$S$7EM$VFPi3$EXTD16$VFPS$VFMA$PE$A:L22UL41UL21$X:L11$S22US41US21$IEEE1$IW$USESV6$~STKCKD$USESV7$~SHL$OSPACE$ROPI$EBA8$MICROLIB$REQ8$PRES8$EABIv2 0x00000000   Number         0  anon$$obj.o ABSOLUTE
    __ARM_use_no_argv                        0x00000000   Number         0  main.o ABSOLUTE
    _printf_a                                0x00000000   Number         0  stubs.o ABSOLUTE
    _printf_c                                0x00000000   Number         0  stubs.o ABSOLUTE
    _printf_charcount                        0x00000000   Number         0  stubs.o ABSOLUTE
    _printf_d                                0x00000000   Number         0  stubs.o ABSOLUTE
    _printf_e                                0x00000000   Number         0  stubs.o ABSOLUTE
    _printf_f                                0x00000000   Number         0  stubs.o ABSOLUTE
    _printf_flags                            0x00000000   Number         0  stubs.o ABSOLUTE
    _printf_fp_dec                           0x00000000   Number         0  stubs.o ABSOLUTE
    _printf_fp_hex                           0x00000000   Number         0  stubs.o ABSOLUTE
    _printf_g                                0x00000000   Number         0  stubs.o ABSOLUTE
    _printf_i                                0x00000000   Number         0  stubs.o ABSOLUTE
    _printf_int_dec                          0x00000000   Number         0  stubs.o ABSOLUTE
    _printf_l                                0x00000000   Number         0  stubs.o ABSOLUTE
    _printf_lc                               0x00000000   Number         0  stubs.o ABSOLUTE
    _printf_ll                               0x00000000   Number         0  stubs.o ABSOLUTE
    _printf_lld                              0x00000000   Number         0  stubs.o ABSOLUTE
    _printf_lli                              0x00000000   Number         0  stubs.o ABSOLUTE
    _printf_llo                              0x00000000   Number         0  stubs.o ABSOLUTE
    _printf_llu                              0x00000000   Number         0  stubs.o ABSOLUTE
    _printf_llx                              0x00000000   Number         0  stubs.o ABSOLUTE
    _printf_longlong_dec                     0x00000000   Number         0  stubs.o ABSOLUTE
    _printf_longlong_hex                     0x00000000   Number         0  stubs.o ABSOLUTE
    _printf_longlong_oct                     0x00000000   Number         0  stubs.o ABSOLUTE
    _printf_ls                               0x00000000   Number         0  stubs.o ABSOLUTE
    _printf_mbtowc                           0x00000000   Number         0  stubs.o ABSOLUTE
    _printf_n                                0x00000000   Number         0  stubs.o ABSOLUTE
    _printf_o                                0x00000000   Number         0  stubs.o ABSOLUTE
    _printf_p                                0x00000000   Number         0  stubs.o ABSOLUTE
    _printf_percent                          0x00000000   Number         0  stubs.o ABSOLUTE
    _printf_pre_padding                      0x00000000   Number         0  stubs.o ABSOLUTE
    _printf_return_value                     0x00000000   Number         0  stubs.o ABSOLUTE
    _printf_s                                0x00000000   Number         0  stubs.o ABSOLUTE
    _printf_sizespec                         0x00000000   Number         0  stubs.o ABSOLUTE
    _printf_str                              0x00000000   Number         0  stubs.o ABSOLUTE
    _printf_truncate_signed                  0x00000000   Number         0  stubs.o ABSOLUTE
    _printf_truncate_unsigned                0x00000000   Number         0  stubs.o ABSOLUTE
    _printf_u                                0x00000000   Number         0  stubs.o ABSOLUTE
    _printf_wc                               0x00000000   Number         0  stubs.o ABSOLUTE
    _printf_wctomb                           0x00000000   Number         0  stubs.o ABSOLUTE
    _printf_widthprec                        0x00000000   Number         0  stubs.o ABSOLUTE
    _printf_x                                0x00000000   Number         0  stubs.o ABSOLUTE
    __cpp_initialize__aeabi_                  - Undefined Weak Reference
    __cxa_finalize                            - Undefined Weak Reference
    __decompress                              - Undefined Weak Reference
    _clock_init                               - Undefined Weak Reference
    _microlib_exit                            - Undefined Weak Reference
    __Vectors_Size                           0x000001d8   Number         0  startup_stm32g431xx.o ABSOLUTE
    __Vectors                                0x08000000   Data           4  startup_stm32g431xx.o(RESET)
    __Vectors_End                            0x080001d8   Data           0  startup_stm32g431xx.o(RESET)
    __main                                   0x080001d9   Thumb Code     0  entry.o(.ARM.Collect$$$$00000000)
    _main_stk                                0x080001d9   Thumb Code     0  entry2.o(.ARM.Collect$$$$00000001)
    _main_scatterload                        0x080001dd   Thumb Code     0  entry5.o(.ARM.Collect$$$$00000004)
    __main_after_scatterload                 0x080001e1   Thumb Code     0  entry5.o(.ARM.Collect$$$$00000004)
    _main_clock                              0x080001e1   Thumb Code     0  entry7b.o(.ARM.Collect$$$$00000008)
    _main_cpp_init                           0x080001e1   Thumb Code     0  entry8b.o(.ARM.Collect$$$$0000000A)
    _main_init                               0x080001e1   Thumb Code     0  entry9a.o(.ARM.Collect$$$$0000000B)
    __rt_final_cpp                           0x080001e9   Thumb Code     0  entry10a.o(.ARM.Collect$$$$0000000D)
    __rt_final_exit                          0x080001e9   Thumb Code     0  entry11a.o(.ARM.Collect$$$$0000000F)
    Reset_Handler                            0x080001ed   Thumb Code     8  startup_stm32g431xx.o(.text)
    ADC1_2_IRQHandler                        0x08000207   Thumb Code     0  startup_stm32g431xx.o(.text)
    COMP1_2_3_IRQHandler                     0x08000207   Thumb Code     0  startup_stm32g431xx.o(.text)
    COMP4_IRQHandler                         0x08000207   Thumb Code     0  startup_stm32g431xx.o(.text)
    CORDIC_IRQHandler                        0x08000207   Thumb Code     0  startup_stm32g431xx.o(.text)
    CRS_IRQHandler                           0x08000207   Thumb Code     0  startup_stm32g431xx.o(.text)
    DMA1_Channel1_IRQHandler                 0x08000207   Thumb Code     0  startup_stm32g431xx.o(.text)
    DMA1_Channel2_IRQHandler                 0x08000207   Thumb Code     0  startup_stm32g431xx.o(.text)
    DMA1_Channel3_IRQHandler                 0x08000207   Thumb Code     0  startup_stm32g431xx.o(.text)
    DMA1_Channel4_IRQHandler                 0x08000207   Thumb Code     0  startup_stm32g431xx.o(.text)
    DMA1_Channel5_IRQHandler                 0x08000207   Thumb Code     0  startup_stm32g431xx.o(.text)
    DMA1_Channel6_IRQHandler                 0x08000207   Thumb Code     0  startup_stm32g431xx.o(.text)
    DMA2_Channel1_IRQHandler                 0x08000207   Thumb Code     0  startup_stm32g431xx.o(.text)
    DMA2_Channel2_IRQHandler                 0x08000207   Thumb Code     0  startup_stm32g431xx.o(.text)
    DMA2_Channel3_IRQHandler                 0x08000207   Thumb Code     0  startup_stm32g431xx.o(.text)
    DMA2_Channel4_IRQHandler                 0x08000207   Thumb Code     0  startup_stm32g431xx.o(.text)
    DMA2_Channel5_IRQHandler                 0x08000207   Thumb Code     0  startup_stm32g431xx.o(.text)
    DMA2_Channel6_IRQHandler                 0x08000207   Thumb Code     0  startup_stm32g431xx.o(.text)
    DMAMUX_OVR_IRQHandler                    0x08000207   Thumb Code     0  startup_stm32g431xx.o(.text)
    EXTI0_IRQHandler                         0x08000207   Thumb Code     0  startup_stm32g431xx.o(.text)
    EXTI15_10_IRQHandler                     0x08000207   Thumb Code     0  startup_stm32g431xx.o(.text)
    EXTI1_IRQHandler                         0x08000207   Thumb Code     0  startup_stm32g431xx.o(.text)
    EXTI2_IRQHandler                         0x08000207   Thumb Code     0  startup_stm32g431xx.o(.text)
    EXTI3_IRQHandler                         0x08000207   Thumb Code     0  startup_stm32g431xx.o(.text)
    EXTI4_IRQHandler                         0x08000207   Thumb Code     0  startup_stm32g431xx.o(.text)
    EXTI9_5_IRQHandler                       0x08000207   Thumb Code     0  startup_stm32g431xx.o(.text)
    FDCAN1_IT0_IRQHandler                    0x08000207   Thumb Code     0  startup_stm32g431xx.o(.text)
    FDCAN1_IT1_IRQHandler                    0x08000207   Thumb Code     0  startup_stm32g431xx.o(.text)
    FLASH_IRQHandler                         0x08000207   Thumb Code     0  startup_stm32g431xx.o(.text)
    FMAC_IRQHandler                          0x08000207   Thumb Code     0  startup_stm32g431xx.o(.text)
    FPU_IRQHandler                           0x08000207   Thumb Code     0  startup_stm32g431xx.o(.text)
    I2C1_ER_IRQHandler                       0x08000207   Thumb Code     0  startup_stm32g431xx.o(.text)
    I2C1_EV_IRQHandler                       0x08000207   Thumb Code     0  startup_stm32g431xx.o(.text)
    I2C2_ER_IRQHandler                       0x08000207   Thumb Code     0  startup_stm32g431xx.o(.text)
    I2C2_EV_IRQHandler                       0x08000207   Thumb Code     0  startup_stm32g431xx.o(.text)
    I2C3_ER_IRQHandler                       0x08000207   Thumb Code     0  startup_stm32g431xx.o(.text)
    I2C3_EV_IRQHandler                       0x08000207   Thumb Code     0  startup_stm32g431xx.o(.text)
    LPTIM1_IRQHandler                        0x08000207   Thumb Code     0  startup_stm32g431xx.o(.text)
    LPUART1_IRQHandler                       0x08000207   Thumb Code     0  startup_stm32g431xx.o(.text)
    PVD_PVM_IRQHandler                       0x08000207   Thumb Code     0  startup_stm32g431xx.o(.text)
    RCC_IRQHandler                           0x08000207   Thumb Code     0  startup_stm32g431xx.o(.text)
    RNG_IRQHandler                           0x08000207   Thumb Code     0  startup_stm32g431xx.o(.text)
    RTC_Alarm_IRQHandler                     0x08000207   Thumb Code     0  startup_stm32g431xx.o(.text)
    RTC_TAMP_LSECSS_IRQHandler               0x08000207   Thumb Code     0  startup_stm32g431xx.o(.text)
    RTC_WKUP_IRQHandler                      0x08000207   Thumb Code     0  startup_stm32g431xx.o(.text)
    SAI1_IRQHandler                          0x08000207   Thumb Code     0  startup_stm32g431xx.o(.text)
    SPI1_IRQHandler                          0x08000207   Thumb Code     0  startup_stm32g431xx.o(.text)
    SPI2_IRQHandler                          0x08000207   Thumb Code     0  startup_stm32g431xx.o(.text)
    SPI3_IRQHandler                          0x08000207   Thumb Code     0  startup_stm32g431xx.o(.text)
    TIM1_BRK_TIM15_IRQHandler                0x08000207   Thumb Code     0  startup_stm32g431xx.o(.text)
    TIM1_CC_IRQHandler                       0x08000207   Thumb Code     0  startup_stm32g431xx.o(.text)
    TIM1_TRG_COM_TIM17_IRQHandler            0x08000207   Thumb Code     0  startup_stm32g431xx.o(.text)
    TIM1_UP_TIM16_IRQHandler                 0x08000207   Thumb Code     0  startup_stm32g431xx.o(.text)
    TIM2_IRQHandler                          0x08000207   Thumb Code     0  startup_stm32g431xx.o(.text)
    TIM3_IRQHandler                          0x08000207   Thumb Code     0  startup_stm32g431xx.o(.text)
    TIM4_IRQHandler                          0x08000207   Thumb Code     0  startup_stm32g431xx.o(.text)
    TIM6_DAC_IRQHandler                      0x08000207   Thumb Code     0  startup_stm32g431xx.o(.text)
    TIM7_DAC_IRQHandler                      0x08000207   Thumb Code     0  startup_stm32g431xx.o(.text)
    TIM8_BRK_IRQHandler                      0x08000207   Thumb Code     0  startup_stm32g431xx.o(.text)
    TIM8_CC_IRQHandler                       0x08000207   Thumb Code     0  startup_stm32g431xx.o(.text)
    TIM8_TRG_COM_IRQHandler                  0x08000207   Thumb Code     0  startup_stm32g431xx.o(.text)
    TIM8_UP_IRQHandler                       0x08000207   Thumb Code     0  startup_stm32g431xx.o(.text)
    UART4_IRQHandler                         0x08000207   Thumb Code     0  startup_stm32g431xx.o(.text)
    UCPD1_IRQHandler                         0x08000207   Thumb Code     0  startup_stm32g431xx.o(.text)
    USART2_IRQHandler                        0x08000207   Thumb Code     0  startup_stm32g431xx.o(.text)
    USART3_IRQHandler                        0x08000207   Thumb Code     0  startup_stm32g431xx.o(.text)
    USBWakeUp_IRQHandler                     0x08000207   Thumb Code     0  startup_stm32g431xx.o(.text)
    USB_HP_IRQHandler                        0x08000207   Thumb Code     0  startup_stm32g431xx.o(.text)
    USB_LP_IRQHandler                        0x08000207   Thumb Code     0  startup_stm32g431xx.o(.text)
    WWDG_IRQHandler                          0x08000207   Thumb Code     0  startup_stm32g431xx.o(.text)
    __aeabi_uldivmod                         0x08000211   Thumb Code    98  uldiv.o(.text)
    __aeabi_memset                           0x08000273   Thumb Code    14  memseta.o(.text)
    __aeabi_memset4                          0x08000273   Thumb Code     0  memseta.o(.text)
    __aeabi_memset8                          0x08000273   Thumb Code     0  memseta.o(.text)
    __aeabi_memclr                           0x08000281   Thumb Code     4  memseta.o(.text)
    __aeabi_memclr4                          0x08000281   Thumb Code     0  memseta.o(.text)
    __aeabi_memclr8                          0x08000281   Thumb Code     0  memseta.o(.text)
    _memset$wrapper                          0x08000285   Thumb Code    18  memseta.o(.text)
    __aeabi_f2d                              0x08000297   Thumb Code    38  f2d.o(.text)
    __aeabi_uidiv                            0x080002bd   Thumb Code     0  uidiv.o(.text)
    __aeabi_uidivmod                         0x080002bd   Thumb Code    44  uidiv.o(.text)
    __aeabi_llsl                             0x080002e9   Thumb Code    30  llshl.o(.text)
    _ll_shift_l                              0x080002e9   Thumb Code     0  llshl.o(.text)
    __aeabi_llsr                             0x08000307   Thumb Code    32  llushr.o(.text)
    _ll_ushift_r                             0x08000307   Thumb Code     0  llushr.o(.text)
    __I$use$fp                               0x08000327   Thumb Code     0  iusefp.o(.text)
    __aeabi_dadd                             0x08000327   Thumb Code   322  dadd.o(.text)
    __aeabi_dsub                             0x08000469   Thumb Code     6  dadd.o(.text)
    __aeabi_drsub                            0x0800046f   Thumb Code     6  dadd.o(.text)
    __aeabi_dmul                             0x08000475   Thumb Code   228  dmul.o(.text)
    __aeabi_ddiv                             0x08000559   Thumb Code   222  ddiv.o(.text)
    __aeabi_d2ulz                            0x08000637   Thumb Code    48  dfixul.o(.text)
    __aeabi_cdrcmple                         0x08000669   Thumb Code    48  cdrcmple.o(.text)
    __scatterload                            0x08000699   Thumb Code    28  init.o(.text)
    __scatterload_rt2                        0x08000699   Thumb Code     0  init.o(.text)
    __aeabi_lasr                             0x080006bd   Thumb Code    36  llsshr.o(.text)
    _ll_sshift_r                             0x080006bd   Thumb Code     0  llsshr.o(.text)
    _double_round                            0x080006e1   Thumb Code    30  depilogue.o(.text)
    _double_epilogue                         0x080006ff   Thumb Code   156  depilogue.o(.text)
    ADC1_Init                                0x0800079d   Thumb Code   136  bsp_adc.o(i.ADC1_Init)
    ADC2_Init                                0x0800082d   Thumb Code   110  bsp_adc.o(i.ADC2_Init)
    ADC_Enable                               0x080008a9   Thumb Code   100  stm32g4xx_hal_adc.o(i.ADC_Enable)
    ADC_Process                              0x08000911   Thumb Code    94  main.o(i.ADC_Process)
    BusFault_Handler                         0x08000985   Thumb Code     2  stm32g4xx_it.o(i.BusFault_Handler)
    DebugMon_Handler                         0x08000987   Thumb Code     2  stm32g4xx_it.o(i.DebugMon_Handler)
    Delay_LCD                                0x08000989   Thumb Code    28  lcd.o(i.Delay_LCD)
    EEPROM_Read                              0x080009a5   Thumb Code    60  bsp_i2c.o(i.EEPROM_Read)
    EEPROM_Write                             0x080009e1   Thumb Code    54  bsp_i2c.o(i.EEPROM_Write)
    Error_Handler                            0x08000a17   Thumb Code     4  main.o(i.Error_Handler)
    HAL_ADCEx_MultiModeConfigChannel         0x08000a1d   Thumb Code   204  stm32g4xx_hal_adc_ex.o(i.HAL_ADCEx_MultiModeConfigChannel)
    HAL_ADC_ConfigChannel                    0x08000af1   Thumb Code  1004  stm32g4xx_hal_adc.o(i.HAL_ADC_ConfigChannel)
    HAL_ADC_GetValue                         0x08000f11   Thumb Code     6  stm32g4xx_hal_adc.o(i.HAL_ADC_GetValue)
    HAL_ADC_Init                             0x08000f19   Thumb Code   472  stm32g4xx_hal_adc.o(i.HAL_ADC_Init)
    HAL_ADC_MspInit                          0x08001111   Thumb Code   210  bsp_adc.o(i.HAL_ADC_MspInit)
    HAL_ADC_Start                            0x080011f5   Thumb Code   230  stm32g4xx_hal_adc.o(i.HAL_ADC_Start)
    HAL_DMA_Abort_IT                         0x080012e9   Thumb Code   120  stm32g4xx_hal_dma.o(i.HAL_DMA_Abort_IT)
    HAL_Delay                                0x08001361   Thumb Code    32  stm32g4xx_hal.o(i.HAL_Delay)
    HAL_GPIO_Init                            0x08001385   Thumb Code   422  stm32g4xx_hal_gpio.o(i.HAL_GPIO_Init)
    HAL_GPIO_ReadPin                         0x0800154d   Thumb Code    10  stm32g4xx_hal_gpio.o(i.HAL_GPIO_ReadPin)
    HAL_GPIO_WritePin                        0x08001557   Thumb Code    10  stm32g4xx_hal_gpio.o(i.HAL_GPIO_WritePin)
    HAL_GetTick                              0x08001561   Thumb Code     6  stm32g4xx_hal.o(i.HAL_GetTick)
    HAL_IncTick                              0x0800156d   Thumb Code    12  stm32g4xx_hal.o(i.HAL_IncTick)
    HAL_Init                                 0x0800157d   Thumb Code    30  stm32g4xx_hal.o(i.HAL_Init)
    HAL_InitTick                             0x0800159d   Thumb Code    58  stm32g4xx_hal.o(i.HAL_InitTick)
    HAL_MspInit                              0x080015e1   Thumb Code    38  stm32g4xx_hal_msp.o(i.HAL_MspInit)
    HAL_NVIC_EnableIRQ                       0x0800160d   Thumb Code    26  stm32g4xx_hal_cortex.o(i.HAL_NVIC_EnableIRQ)
    HAL_NVIC_SetPriority                     0x08001629   Thumb Code    60  stm32g4xx_hal_cortex.o(i.HAL_NVIC_SetPriority)
    HAL_NVIC_SetPriorityGrouping             0x08001669   Thumb Code    26  stm32g4xx_hal_cortex.o(i.HAL_NVIC_SetPriorityGrouping)
    HAL_RCCEx_PeriphCLKConfig                0x0800168d   Thumb Code   638  stm32g4xx_hal_rcc_ex.o(i.HAL_RCCEx_PeriphCLKConfig)
    HAL_RCC_GetPCLK1Freq                     0x08001915   Thumb Code    24  stm32g4xx_hal_rcc.o(i.HAL_RCC_GetPCLK1Freq)
    HAL_RCC_GetPCLK2Freq                     0x08001939   Thumb Code    24  stm32g4xx_hal_rcc.o(i.HAL_RCC_GetPCLK2Freq)
    HAL_RCC_GetSysClockFreq                  0x0800195d   Thumb Code    98  stm32g4xx_hal_rcc.o(i.HAL_RCC_GetSysClockFreq)
    HAL_RTC_GetDate                          0x080019cd   Thumb Code    62  stm32g4xx_hal_rtc.o(i.HAL_RTC_GetDate)
    HAL_RTC_GetTime                          0x08001a15   Thumb Code    82  stm32g4xx_hal_rtc.o(i.HAL_RTC_GetTime)
    HAL_RTC_Init                             0x08001a71   Thumb Code   138  stm32g4xx_hal_rtc.o(i.HAL_RTC_Init)
    HAL_RTC_MspInit                          0x08001b05   Thumb Code    78  bsp_rtc.o(i.HAL_RTC_MspInit)
    HAL_RTC_SetDate                          0x08001b5d   Thumb Code   158  stm32g4xx_hal_rtc.o(i.HAL_RTC_SetDate)
    HAL_RTC_SetTime                          0x08001c05   Thumb Code   200  stm32g4xx_hal_rtc.o(i.HAL_RTC_SetTime)
    HAL_RTC_WaitForSynchro                   0x08001cd5   Thumb Code    48  stm32g4xx_hal_rtc.o(i.HAL_RTC_WaitForSynchro)
    HAL_SYSTICK_Config                       0x08001d09   Thumb Code    40  stm32g4xx_hal_cortex.o(i.HAL_SYSTICK_Config)
    HAL_UARTEx_DisableFifoMode               0x08001d31   Thumb Code    62  stm32g4xx_hal_uart_ex.o(i.HAL_UARTEx_DisableFifoMode)
    HAL_UARTEx_RxFifoFullCallback            0x08001d6f   Thumb Code     2  stm32g4xx_hal_uart_ex.o(i.HAL_UARTEx_RxFifoFullCallback)
    HAL_UARTEx_SetRxFifoThreshold            0x08001d71   Thumb Code    76  stm32g4xx_hal_uart_ex.o(i.HAL_UARTEx_SetRxFifoThreshold)
    HAL_UARTEx_SetTxFifoThreshold            0x08001dbd   Thumb Code    76  stm32g4xx_hal_uart_ex.o(i.HAL_UARTEx_SetTxFifoThreshold)
    HAL_UARTEx_TxFifoEmptyCallback           0x08001e09   Thumb Code     2  stm32g4xx_hal_uart_ex.o(i.HAL_UARTEx_TxFifoEmptyCallback)
    HAL_UARTEx_WakeupCallback                0x08001e0b   Thumb Code     2  stm32g4xx_hal_uart_ex.o(i.HAL_UARTEx_WakeupCallback)
    HAL_UART_ErrorCallback                   0x08001e0d   Thumb Code     2  stm32g4xx_hal_uart.o(i.HAL_UART_ErrorCallback)
    HAL_UART_IRQHandler                      0x08001e11   Thumb Code   404  stm32g4xx_hal_uart.o(i.HAL_UART_IRQHandler)
    HAL_UART_Init                            0x08001fad   Thumb Code   106  stm32g4xx_hal_uart.o(i.HAL_UART_Init)
    HAL_UART_MspInit                         0x08002019   Thumb Code   132  bsp_uart.o(i.HAL_UART_MspInit)
    HAL_UART_Receive_IT                      0x080020a5   Thumb Code   234  stm32g4xx_hal_uart.o(i.HAL_UART_Receive_IT)
    HAL_UART_RxCpltCallback                  0x080021a1   Thumb Code    24  main.o(i.HAL_UART_RxCpltCallback)
    HAL_UART_Transmit                        0x080021c1   Thumb Code   188  stm32g4xx_hal_uart.o(i.HAL_UART_Transmit)
    HAL_UART_TxCpltCallback                  0x0800227d   Thumb Code     2  stm32g4xx_hal_uart.o(i.HAL_UART_TxCpltCallback)
    HardFault_Handler                        0x0800227f   Thumb Code     2  stm32g4xx_it.o(i.HardFault_Handler)
    I2CInit                                  0x08002281   Thumb Code    38  bsp_i2c.o(i.I2CInit)
    I2CReceiveByte                           0x080022ad   Thumb Code    78  bsp_i2c.o(i.I2CReceiveByte)
    I2CSendByte                              0x080022fb   Thumb Code    78  bsp_i2c.o(i.I2CSendByte)
    I2CSendNotAck                            0x08002349   Thumb Code    48  bsp_i2c.o(i.I2CSendNotAck)
    I2CStart                                 0x08002379   Thumb Code    54  bsp_i2c.o(i.I2CStart)
    I2CStop                                  0x080023af   Thumb Code    54  bsp_i2c.o(i.I2CStop)
    I2CWaitAck                               0x080023e5   Thumb Code    80  bsp_i2c.o(i.I2CWaitAck)
    KEY_LED_Init                             0x08002435   Thumb Code   196  key_led.o(i.KEY_LED_Init)
    KEY_Process                              0x08002509   Thumb Code    44  main.o(i.KEY_Process)
    LCD_BusIn                                0x08002541   Thumb Code    40  lcd.o(i.LCD_BusIn)
    LCD_BusOut                               0x0800256d   Thumb Code    42  lcd.o(i.LCD_BusOut)
    LCD_Clear                                0x0800259d   Thumb Code    36  lcd.o(i.LCD_Clear)
    LCD_CtrlLinesConfig                      0x080025c1   Thumb Code   136  lcd.o(i.LCD_CtrlLinesConfig)
    LCD_DisplayChar                          0x08002651   Thumb Code    18  lcd.o(i.LCD_DisplayChar)
    LCD_DisplayStringLine                    0x08002669   Thumb Code    42  lcd.o(i.LCD_DisplayStringLine)
    LCD_DrawChar                             0x08002695   Thumb Code    84  lcd.o(i.LCD_DrawChar)
    LCD_Init                                 0x080026ed   Thumb Code    46  lcd.o(i.LCD_Init)
    LCD_Process                              0x08002721   Thumb Code   168  main.o(i.LCD_Process)
    LCD_ReadReg                              0x0800282d   Thumb Code   120  lcd.o(i.LCD_ReadReg)
    LCD_SetBackColor                         0x080028ad   Thumb Code    12  lcd.o(i.LCD_SetBackColor)
    LCD_SetCursor                            0x080028bd   Thumb Code    24  lcd.o(i.LCD_SetCursor)
    LCD_SetTextColor                         0x080028d5   Thumb Code    12  lcd.o(i.LCD_SetTextColor)
    LCD_WriteRAM                             0x080028e5   Thumb Code    80  lcd.o(i.LCD_WriteRAM)
    LCD_WriteRAM_Prepare                     0x0800293d   Thumb Code    82  lcd.o(i.LCD_WriteRAM_Prepare)
    LCD_WriteReg                             0x08002999   Thumb Code   100  lcd.o(i.LCD_WriteReg)
    LED_Process                              0x08002a05   Thumb Code    22  main.o(i.LED_Process)
    LED_control                              0x08002a25   Thumb Code    74  key_led.o(i.LED_control)
    MX_GPIO_Init                             0x08002acd   Thumb Code    22  gpio.o(i.MX_GPIO_Init)
    MemManage_Handler                        0x08002ae9   Thumb Code     2  stm32g4xx_it.o(i.MemManage_Handler)
    NMI_Handler                              0x08002aeb   Thumb Code     2  stm32g4xx_it.o(i.NMI_Handler)
    PendSV_Handler                           0x08002aed   Thumb Code     2  stm32g4xx_it.o(i.PendSV_Handler)
    REG_8230_Init                            0x08002aef   Thumb Code   274  lcd.o(i.REG_8230_Init)
    REG_932X_Init                            0x08002c01   Thumb Code   514  lcd.o(i.REG_932X_Init)
    RTC_Bcd2ToByte                           0x08002e03   Thumb Code    18  stm32g4xx_hal_rtc.o(i.RTC_Bcd2ToByte)
    RTC_ByteToBcd2                           0x08002e15   Thumb Code    24  stm32g4xx_hal_rtc.o(i.RTC_ByteToBcd2)
    RTC_EnterInitMode                        0x08002e2d   Thumb Code    72  stm32g4xx_hal_rtc.o(i.RTC_EnterInitMode)
    RTC_ExitInitMode                         0x08002e79   Thumb Code    84  stm32g4xx_hal_rtc.o(i.RTC_ExitInitMode)
    RTC_Init                                 0x08002ed1   Thumb Code   138  bsp_rtc.o(i.RTC_Init)
    RTC_Process                              0x08002f65   Thumb Code    26  main.o(i.RTC_Process)
    SCL_Output                               0x08002f8d   Thumb Code    20  bsp_i2c.o(i.SCL_Output)
    SDA_Input                                0x08002fa5   Thumb Code    18  bsp_i2c.o(i.SDA_Input)
    SDA_Input_Mode                           0x08002fbd   Thumb Code    40  bsp_i2c.o(i.SDA_Input_Mode)
    SDA_Output                               0x08002fe9   Thumb Code    20  bsp_i2c.o(i.SDA_Output)
    SDA_Output_Mode                          0x08003001   Thumb Code    40  bsp_i2c.o(i.SDA_Output_Mode)
    SVC_Handler                              0x0800302d   Thumb Code     2  stm32g4xx_it.o(i.SVC_Handler)
    SysTick_Handler                          0x0800302f   Thumb Code     4  stm32g4xx_it.o(i.SysTick_Handler)
    SystemInit                               0x08003035   Thumb Code    22  system_stm32g4xx.o(i.SystemInit)
    UART1_Init                               0x08003051   Thumb Code    94  bsp_uart.o(i.UART1_Init)
    UART_AdvFeatureConfig                    0x0800311d   Thumb Code   200  stm32g4xx_hal_uart.o(i.UART_AdvFeatureConfig)
    UART_CheckIdleState                      0x080031e5   Thumb Code    94  stm32g4xx_hal_uart.o(i.UART_CheckIdleState)
    UART_SetConfig                           0x0800347d   Thumb Code  1958  stm32g4xx_hal_uart.o(i.UART_SetConfig)
    UART_WaitOnFlagUntilTimeout              0x08003c23   Thumb Code   100  stm32g4xx_hal_uart.o(i.UART_WaitOnFlagUntilTimeout)
    USART1_IRQHandler                        0x08003c89   Thumb Code     6  stm32g4xx_it.o(i.USART1_IRQHandler)
    UsageFault_Handler                       0x08003c95   Thumb Code     2  stm32g4xx_it.o(i.UsageFault_Handler)
    __0printf                                0x08003c99   Thumb Code    22  printfa.o(i.__0printf)
    __1printf                                0x08003c99   Thumb Code     0  printfa.o(i.__0printf)
    __2printf                                0x08003c99   Thumb Code     0  printfa.o(i.__0printf)
    __c89printf                              0x08003c99   Thumb Code     0  printfa.o(i.__0printf)
    printf                                   0x08003c99   Thumb Code     0  printfa.o(i.__0printf)
    __0sprintf                               0x08003cb9   Thumb Code    34  printfa.o(i.__0sprintf)
    __1sprintf                               0x08003cb9   Thumb Code     0  printfa.o(i.__0sprintf)
    __2sprintf                               0x08003cb9   Thumb Code     0  printfa.o(i.__0sprintf)
    __c89sprintf                             0x08003cb9   Thumb Code     0  printfa.o(i.__0sprintf)
    sprintf                                  0x08003cb9   Thumb Code     0  printfa.o(i.__0sprintf)
    __scatterload_copy                       0x08003d01   Thumb Code    14  handlers.o(i.__scatterload_copy)
    __scatterload_null                       0x08003d0f   Thumb Code     2  handlers.o(i.__scatterload_null)
    __scatterload_zeroinit                   0x08003d11   Thumb Code    14  handlers.o(i.__scatterload_zeroinit)
    fputc                                    0x080045e9   Thumb Code    18  bsp_uart.o(i.fputc)
    key_Read                                 0x08004601   Thumb Code    72  key_led.o(i.key_Read)
    main                                     0x08004651   Thumb Code   130  main.o(i.main)
    ASCII_Table                              0x080046f0   Data        4560  lcd.o(.constdata)
    APBPrescTable                            0x080058c0   Data           8  system_stm32g4xx.o(.constdata)
    Region$$Table$$Base                      0x080058c8   Number         0  anon$$obj.o(Region$$Table)
    Region$$Table$$Limit                     0x080058e8   Number         0  anon$$obj.o(Region$$Table)
    Trg                                      0x20000000   Data           1  key_led.o(.data)
    Cont                                     0x20000001   Data           1  key_led.o(.data)
    dummy                                    0x20000006   Data           2  lcd.o(.data)
    startup_times                            0x2000000c   Data           1  main.o(.data)
    LCD_Page                                 0x2000000d   Data           1  main.o(.data)
    k_dat                                    0x2000000e   Data           1  main.o(.data)
    LED_Bit                                  0x2000000f   Data           1  main.o(.data)
    ADC_Val1                                 0x20000010   Data           2  main.o(.data)
    ADC_Val2                                 0x20000012   Data           2  main.o(.data)
    uart_buf                                 0x20000014   Data           2  main.o(.data)
    LED_Tick                                 0x20000018   Data           4  main.o(.data)
    KEY_Tick                                 0x2000001c   Data           4  main.o(.data)
    volt_r37                                 0x20000020   Data           4  main.o(.data)
    volt_r38                                 0x20000024   Data           4  main.o(.data)
    rtc_date                                 0x20000028   Data           4  main.o(.data)
    uwTickPrio                               0x2000002c   Data           4  stm32g4xx_hal.o(.data)
    uwTickFreq                               0x20000030   Data           4  stm32g4xx_hal.o(.data)
    uwTick                                   0x20000034   Data           4  stm32g4xx_hal.o(.data)
    SystemCoreClock                          0x20000038   Data           4  system_stm32g4xx.o(.data)
    __stdout                                 0x2000003c   Data           4  stdout.o(.data)
    huart1                                   0x20000040   Data         140  bsp_uart.o(.bss)
    hadc1                                    0x200000cc   Data         108  bsp_adc.o(.bss)
    hadc2                                    0x20000138   Data         108  bsp_adc.o(.bss)
    hrtc                                     0x200001a4   Data          40  bsp_rtc.o(.bss)
    rtc_time                                 0x200001cc   Data          20  main.o(.bss)
    __initial_sp                             0x200005e0   Data           0  startup_stm32g431xx.o(STACK)



==============================================================================

Memory Map of the image

  Image Entry point : 0x080001d9

  Load Region LR_IROM1 (Base: 0x08000000, Size: 0x00005928, Max: 0x00020000, ABSOLUTE)

    Execution Region ER_IROM1 (Exec base: 0x08000000, Load base: 0x08000000, Size: 0x000058e8, Max: 0x00020000, ABSOLUTE)

    Exec Addr    Load Addr    Size         Type   Attr      Idx    E Section Name        Object

    0x08000000   0x08000000   0x000001d8   Data   RO            3    RESET               startup_stm32g431xx.o
    0x080001d8   0x080001d8   0x00000000   Code   RO         3889  * .ARM.Collect$$$$00000000  mc_w.l(entry.o)
    0x080001d8   0x080001d8   0x00000004   Code   RO         4159    .ARM.Collect$$$$00000001  mc_w.l(entry2.o)
    0x080001dc   0x080001dc   0x00000004   Code   RO         4162    .ARM.Collect$$$$00000004  mc_w.l(entry5.o)
    0x080001e0   0x080001e0   0x00000000   Code   RO         4164    .ARM.Collect$$$$00000008  mc_w.l(entry7b.o)
    0x080001e0   0x080001e0   0x00000000   Code   RO         4166    .ARM.Collect$$$$0000000A  mc_w.l(entry8b.o)
    0x080001e0   0x080001e0   0x00000008   Code   RO         4167    .ARM.Collect$$$$0000000B  mc_w.l(entry9a.o)
    0x080001e8   0x080001e8   0x00000000   Code   RO         4169    .ARM.Collect$$$$0000000D  mc_w.l(entry10a.o)
    0x080001e8   0x080001e8   0x00000000   Code   RO         4171    .ARM.Collect$$$$0000000F  mc_w.l(entry11a.o)
    0x080001e8   0x080001e8   0x00000004   Code   RO         4160    .ARM.Collect$$$$00002712  mc_w.l(entry2.o)
    0x080001ec   0x080001ec   0x00000024   Code   RO            4    .text               startup_stm32g431xx.o
    0x08000210   0x08000210   0x00000062   Code   RO         3892    .text               mc_w.l(uldiv.o)
    0x08000272   0x08000272   0x00000024   Code   RO         3894    .text               mc_w.l(memseta.o)
    0x08000296   0x08000296   0x00000026   Code   RO         4157    .text               mf_w.l(f2d.o)
    0x080002bc   0x080002bc   0x0000002c   Code   RO         4174    .text               mc_w.l(uidiv.o)
    0x080002e8   0x080002e8   0x0000001e   Code   RO         4176    .text               mc_w.l(llshl.o)
    0x08000306   0x08000306   0x00000020   Code   RO         4178    .text               mc_w.l(llushr.o)
    0x08000326   0x08000326   0x00000000   Code   RO         4180    .text               mc_w.l(iusefp.o)
    0x08000326   0x08000326   0x0000014e   Code   RO         4181    .text               mf_w.l(dadd.o)
    0x08000474   0x08000474   0x000000e4   Code   RO         4183    .text               mf_w.l(dmul.o)
    0x08000558   0x08000558   0x000000de   Code   RO         4185    .text               mf_w.l(ddiv.o)
    0x08000636   0x08000636   0x00000030   Code   RO         4187    .text               mf_w.l(dfixul.o)
    0x08000666   0x08000666   0x00000002   PAD
    0x08000668   0x08000668   0x00000030   Code   RO         4189    .text               mf_w.l(cdrcmple.o)
    0x08000698   0x08000698   0x00000024   Code   RO         4191    .text               mc_w.l(init.o)
    0x080006bc   0x080006bc   0x00000024   Code   RO         4193    .text               mc_w.l(llsshr.o)
    0x080006e0   0x080006e0   0x000000ba   Code   RO         4195    .text               mf_w.l(depilogue.o)
    0x0800079a   0x0800079a   0x00000002   PAD
    0x0800079c   0x0800079c   0x00000090   Code   RO          683    i.ADC1_Init         bsp_adc.o
    0x0800082c   0x0800082c   0x0000007c   Code   RO          684    i.ADC2_Init         bsp_adc.o
    0x080008a8   0x080008a8   0x00000068   Code   RO         2990    i.ADC_Enable        stm32g4xx_hal_adc.o
    0x08000910   0x08000910   0x00000074   Code   RO          768    i.ADC_Process       main.o
    0x08000984   0x08000984   0x00000002   Code   RO          897    i.BusFault_Handler  stm32g4xx_it.o
    0x08000986   0x08000986   0x00000002   Code   RO          898    i.DebugMon_Handler  stm32g4xx_it.o
    0x08000988   0x08000988   0x0000001c   Code   RO          302    i.Delay_LCD         lcd.o
    0x080009a4   0x080009a4   0x0000003c   Code   RO          559    i.EEPROM_Read       bsp_i2c.o
    0x080009e0   0x080009e0   0x00000036   Code   RO          560    i.EEPROM_Write      bsp_i2c.o
    0x08000a16   0x08000a16   0x00000004   Code   RO          769    i.Error_Handler     main.o
    0x08000a1a   0x08000a1a   0x00000002   PAD
    0x08000a1c   0x08000a1c   0x000000d4   Code   RO         3240    i.HAL_ADCEx_MultiModeConfigChannel  stm32g4xx_hal_adc_ex.o
    0x08000af0   0x08000af0   0x00000420   Code   RO         2992    i.HAL_ADC_ConfigChannel  stm32g4xx_hal_adc.o
    0x08000f10   0x08000f10   0x00000006   Code   RO         2999    i.HAL_ADC_GetValue  stm32g4xx_hal_adc.o
    0x08000f16   0x08000f16   0x00000002   PAD
    0x08000f18   0x08000f18   0x000001f8   Code   RO         3001    i.HAL_ADC_Init      stm32g4xx_hal_adc.o
    0x08001110   0x08001110   0x000000e4   Code   RO          685    i.HAL_ADC_MspInit   bsp_adc.o
    0x080011f4   0x080011f4   0x000000f4   Code   RO         3007    i.HAL_ADC_Start     stm32g4xx_hal_adc.o
    0x080012e8   0x080012e8   0x00000078   Code   RO         2116    i.HAL_DMA_Abort_IT  stm32g4xx_hal_dma.o
    0x08001360   0x08001360   0x00000024   Code   RO         1286    i.HAL_Delay         stm32g4xx_hal.o
    0x08001384   0x08001384   0x000001c8   Code   RO         1977    i.HAL_GPIO_Init     stm32g4xx_hal_gpio.o
    0x0800154c   0x0800154c   0x0000000a   Code   RO         1979    i.HAL_GPIO_ReadPin  stm32g4xx_hal_gpio.o
    0x08001556   0x08001556   0x0000000a   Code   RO         1981    i.HAL_GPIO_WritePin  stm32g4xx_hal_gpio.o
    0x08001560   0x08001560   0x0000000c   Code   RO         1290    i.HAL_GetTick       stm32g4xx_hal.o
    0x0800156c   0x0800156c   0x00000010   Code   RO         1293    i.HAL_IncTick       stm32g4xx_hal.o
    0x0800157c   0x0800157c   0x0000001e   Code   RO         1294    i.HAL_Init          stm32g4xx_hal.o
    0x0800159a   0x0800159a   0x00000002   PAD
    0x0800159c   0x0800159c   0x00000044   Code   RO         1295    i.HAL_InitTick      stm32g4xx_hal.o
    0x080015e0   0x080015e0   0x0000002c   Code   RO          979    i.HAL_MspInit       stm32g4xx_hal_msp.o
    0x0800160c   0x0800160c   0x0000001a   Code   RO         2384    i.HAL_NVIC_EnableIRQ  stm32g4xx_hal_cortex.o
    0x08001626   0x08001626   0x00000002   PAD
    0x08001628   0x08001628   0x00000040   Code   RO         2390    i.HAL_NVIC_SetPriority  stm32g4xx_hal_cortex.o
    0x08001668   0x08001668   0x00000024   Code   RO         2391    i.HAL_NVIC_SetPriorityGrouping  stm32g4xx_hal_cortex.o
    0x0800168c   0x0800168c   0x00000288   Code   RO         1639    i.HAL_RCCEx_PeriphCLKConfig  stm32g4xx_hal_rcc_ex.o
    0x08001914   0x08001914   0x00000024   Code   RO         1522    i.HAL_RCC_GetPCLK1Freq  stm32g4xx_hal_rcc.o
    0x08001938   0x08001938   0x00000024   Code   RO         1523    i.HAL_RCC_GetPCLK2Freq  stm32g4xx_hal_rcc.o
    0x0800195c   0x0800195c   0x00000070   Code   RO         1524    i.HAL_RCC_GetSysClockFreq  stm32g4xx_hal_rcc.o
    0x080019cc   0x080019cc   0x00000048   Code   RO         3434    i.HAL_RTC_GetDate   stm32g4xx_hal_rtc.o
    0x08001a14   0x08001a14   0x0000005c   Code   RO         3436    i.HAL_RTC_GetTime   stm32g4xx_hal_rtc.o
    0x08001a70   0x08001a70   0x00000094   Code   RO         3437    i.HAL_RTC_Init      stm32g4xx_hal_rtc.o
    0x08001b04   0x08001b04   0x00000058   Code   RO          727    i.HAL_RTC_MspInit   bsp_rtc.o
    0x08001b5c   0x08001b5c   0x000000a8   Code   RO         3443    i.HAL_RTC_SetDate   stm32g4xx_hal_rtc.o
    0x08001c04   0x08001c04   0x000000d0   Code   RO         3444    i.HAL_RTC_SetTime   stm32g4xx_hal_rtc.o
    0x08001cd4   0x08001cd4   0x00000034   Code   RO         3445    i.HAL_RTC_WaitForSynchro  stm32g4xx_hal_rtc.o
    0x08001d08   0x08001d08   0x00000028   Code   RO         2395    i.HAL_SYSTICK_Config  stm32g4xx_hal_cortex.o
    0x08001d30   0x08001d30   0x0000003e   Code   RO         2892    i.HAL_UARTEx_DisableFifoMode  stm32g4xx_hal_uart_ex.o
    0x08001d6e   0x08001d6e   0x00000002   Code   RO         2896    i.HAL_UARTEx_RxFifoFullCallback  stm32g4xx_hal_uart_ex.o
    0x08001d70   0x08001d70   0x0000004c   Code   RO         2897    i.HAL_UARTEx_SetRxFifoThreshold  stm32g4xx_hal_uart_ex.o
    0x08001dbc   0x08001dbc   0x0000004c   Code   RO         2898    i.HAL_UARTEx_SetTxFifoThreshold  stm32g4xx_hal_uart_ex.o
    0x08001e08   0x08001e08   0x00000002   Code   RO         2900    i.HAL_UARTEx_TxFifoEmptyCallback  stm32g4xx_hal_uart_ex.o
    0x08001e0a   0x08001e0a   0x00000002   Code   RO         2901    i.HAL_UARTEx_WakeupCallback  stm32g4xx_hal_uart_ex.o
    0x08001e0c   0x08001e0c   0x00000002   Code   RO         2536    i.HAL_UART_ErrorCallback  stm32g4xx_hal_uart.o
    0x08001e0e   0x08001e0e   0x00000002   PAD
    0x08001e10   0x08001e10   0x0000019c   Code   RO         2539    i.HAL_UART_IRQHandler  stm32g4xx_hal_uart.o
    0x08001fac   0x08001fac   0x0000006a   Code   RO         2540    i.HAL_UART_Init     stm32g4xx_hal_uart.o
    0x08002016   0x08002016   0x00000002   PAD
    0x08002018   0x08002018   0x0000008c   Code   RO          512    i.HAL_UART_MspInit  bsp_uart.o
    0x080020a4   0x080020a4   0x000000fc   Code   RO         2545    i.HAL_UART_Receive_IT  stm32g4xx_hal_uart.o
    0x080021a0   0x080021a0   0x00000020   Code   RO          770    i.HAL_UART_RxCpltCallback  main.o
    0x080021c0   0x080021c0   0x000000bc   Code   RO         2548    i.HAL_UART_Transmit  stm32g4xx_hal_uart.o
    0x0800227c   0x0800227c   0x00000002   Code   RO         2551    i.HAL_UART_TxCpltCallback  stm32g4xx_hal_uart.o
    0x0800227e   0x0800227e   0x00000002   Code   RO          899    i.HardFault_Handler  stm32g4xx_it.o
    0x08002280   0x08002280   0x0000002c   Code   RO          561    i.I2CInit           bsp_i2c.o
    0x080022ac   0x080022ac   0x0000004e   Code   RO          562    i.I2CReceiveByte    bsp_i2c.o
    0x080022fa   0x080022fa   0x0000004e   Code   RO          564    i.I2CSendByte       bsp_i2c.o
    0x08002348   0x08002348   0x00000030   Code   RO          565    i.I2CSendNotAck     bsp_i2c.o
    0x08002378   0x08002378   0x00000036   Code   RO          566    i.I2CStart          bsp_i2c.o
    0x080023ae   0x080023ae   0x00000036   Code   RO          567    i.I2CStop           bsp_i2c.o
    0x080023e4   0x080023e4   0x00000050   Code   RO          568    i.I2CWaitAck        bsp_i2c.o
    0x08002434   0x08002434   0x000000d4   Code   RO          157    i.KEY_LED_Init      key_led.o
    0x08002508   0x08002508   0x00000038   Code   RO          771    i.KEY_Process       main.o
    0x08002540   0x08002540   0x0000002c   Code   RO          303    i.LCD_BusIn         lcd.o
    0x0800256c   0x0800256c   0x00000030   Code   RO          304    i.LCD_BusOut        lcd.o
    0x0800259c   0x0800259c   0x00000024   Code   RO          305    i.LCD_Clear         lcd.o
    0x080025c0   0x080025c0   0x00000090   Code   RO          307    i.LCD_CtrlLinesConfig  lcd.o
    0x08002650   0x08002650   0x00000018   Code   RO          308    i.LCD_DisplayChar   lcd.o
    0x08002668   0x08002668   0x0000002a   Code   RO          311    i.LCD_DisplayStringLine  lcd.o
    0x08002692   0x08002692   0x00000002   PAD
    0x08002694   0x08002694   0x00000058   Code   RO          312    i.LCD_DrawChar      lcd.o
    0x080026ec   0x080026ec   0x00000034   Code   RO          318    i.LCD_Init          lcd.o
    0x08002720   0x08002720   0x0000010c   Code   RO          772    i.LCD_Process       main.o
    0x0800282c   0x0800282c   0x00000080   Code   RO          321    i.LCD_ReadReg       lcd.o
    0x080028ac   0x080028ac   0x00000010   Code   RO          322    i.LCD_SetBackColor  lcd.o
    0x080028bc   0x080028bc   0x00000018   Code   RO          323    i.LCD_SetCursor     lcd.o
    0x080028d4   0x080028d4   0x00000010   Code   RO          325    i.LCD_SetTextColor  lcd.o
    0x080028e4   0x080028e4   0x00000058   Code   RO          328    i.LCD_WriteRAM      lcd.o
    0x0800293c   0x0800293c   0x0000005c   Code   RO          329    i.LCD_WriteRAM_Prepare  lcd.o
    0x08002998   0x08002998   0x0000006c   Code   RO          330    i.LCD_WriteReg      lcd.o
    0x08002a04   0x08002a04   0x00000020   Code   RO          773    i.LED_Process       main.o
    0x08002a24   0x08002a24   0x00000054   Code   RO          158    i.LED_control       key_led.o
    0x08002a78   0x08002a78   0x0000000c   Code   RO         3015    i.LL_ADC_GetOffsetChannel  stm32g4xx_hal_adc.o
    0x08002a84   0x08002a84   0x00000008   Code   RO         3016    i.LL_ADC_INJ_IsConversionOngoing  stm32g4xx_hal_adc.o
    0x08002a8c   0x08002a8c   0x00000008   Code   RO         3017    i.LL_ADC_REG_IsConversionOngoing  stm32g4xx_hal_adc.o
    0x08002a94   0x08002a94   0x00000008   Code   RO         3250    i.LL_ADC_REG_IsConversionOngoing  stm32g4xx_hal_adc_ex.o
    0x08002a9c   0x08002a9c   0x0000001e   Code   RO         3020    i.LL_ADC_SetChannelSamplingTime  stm32g4xx_hal_adc.o
    0x08002aba   0x08002aba   0x00000010   Code   RO         3021    i.LL_ADC_SetOffsetState  stm32g4xx_hal_adc.o
    0x08002aca   0x08002aca   0x00000002   PAD
    0x08002acc   0x08002acc   0x0000001c   Code   RO          870    i.MX_GPIO_Init      gpio.o
    0x08002ae8   0x08002ae8   0x00000002   Code   RO          900    i.MemManage_Handler  stm32g4xx_it.o
    0x08002aea   0x08002aea   0x00000002   Code   RO          901    i.NMI_Handler       stm32g4xx_it.o
    0x08002aec   0x08002aec   0x00000002   Code   RO          902    i.PendSV_Handler    stm32g4xx_it.o
    0x08002aee   0x08002aee   0x00000112   Code   RO          331    i.REG_8230_Init     lcd.o
    0x08002c00   0x08002c00   0x00000202   Code   RO          332    i.REG_932X_Init     lcd.o
    0x08002e02   0x08002e02   0x00000012   Code   RO         3446    i.RTC_Bcd2ToByte    stm32g4xx_hal_rtc.o
    0x08002e14   0x08002e14   0x00000018   Code   RO         3447    i.RTC_ByteToBcd2    stm32g4xx_hal_rtc.o
    0x08002e2c   0x08002e2c   0x0000004c   Code   RO         3448    i.RTC_EnterInitMode  stm32g4xx_hal_rtc.o
    0x08002e78   0x08002e78   0x00000058   Code   RO         3449    i.RTC_ExitInitMode  stm32g4xx_hal_rtc.o
    0x08002ed0   0x08002ed0   0x00000094   Code   RO          728    i.RTC_Init          bsp_rtc.o
    0x08002f64   0x08002f64   0x00000028   Code   RO          774    i.RTC_Process       main.o
    0x08002f8c   0x08002f8c   0x00000018   Code   RO          571    i.SCL_Output        bsp_i2c.o
    0x08002fa4   0x08002fa4   0x00000018   Code   RO          572    i.SDA_Input         bsp_i2c.o
    0x08002fbc   0x08002fbc   0x0000002c   Code   RO          573    i.SDA_Input_Mode    bsp_i2c.o
    0x08002fe8   0x08002fe8   0x00000018   Code   RO          574    i.SDA_Output        bsp_i2c.o
    0x08003000   0x08003000   0x0000002c   Code   RO          575    i.SDA_Output_Mode   bsp_i2c.o
    0x0800302c   0x0800302c   0x00000002   Code   RO          903    i.SVC_Handler       stm32g4xx_it.o
    0x0800302e   0x0800302e   0x00000004   Code   RO          904    i.SysTick_Handler   stm32g4xx_it.o
    0x08003032   0x08003032   0x00000002   PAD
    0x08003034   0x08003034   0x0000001c   Code   RO         3855    i.SystemInit        system_stm32g4xx.o
    0x08003050   0x08003050   0x00000068   Code   RO          513    i.UART1_Init        bsp_uart.o
    0x080030b8   0x080030b8   0x00000064   Code   RO         2902    i.UARTEx_SetNbDataToProcess  stm32g4xx_hal_uart_ex.o
    0x0800311c   0x0800311c   0x000000c8   Code   RO         2553    i.UART_AdvFeatureConfig  stm32g4xx_hal_uart.o
    0x080031e4   0x080031e4   0x0000005e   Code   RO         2554    i.UART_CheckIdleState  stm32g4xx_hal_uart.o
    0x08003242   0x08003242   0x00000014   Code   RO         2555    i.UART_DMAAbortOnError  stm32g4xx_hal_uart.o
    0x08003256   0x08003256   0x00000002   PAD
    0x08003258   0x08003258   0x00000024   Code   RO         2565    i.UART_EndRxTransfer  stm32g4xx_hal_uart.o
    0x0800327c   0x0800327c   0x0000005e   Code   RO         2567    i.UART_RxISR_16BIT  stm32g4xx_hal_uart.o
    0x080032da   0x080032da   0x00000002   PAD
    0x080032dc   0x080032dc   0x000000a0   Code   RO         2568    i.UART_RxISR_16BIT_FIFOEN  stm32g4xx_hal_uart.o
    0x0800337c   0x0800337c   0x0000005e   Code   RO         2569    i.UART_RxISR_8BIT   stm32g4xx_hal_uart.o
    0x080033da   0x080033da   0x00000002   PAD
    0x080033dc   0x080033dc   0x000000a0   Code   RO         2570    i.UART_RxISR_8BIT_FIFOEN  stm32g4xx_hal_uart.o
    0x0800347c   0x0800347c   0x000007a6   Code   RO         2571    i.UART_SetConfig    stm32g4xx_hal_uart.o
    0x08003c22   0x08003c22   0x00000064   Code   RO         2576    i.UART_WaitOnFlagUntilTimeout  stm32g4xx_hal_uart.o
    0x08003c86   0x08003c86   0x00000002   PAD
    0x08003c88   0x08003c88   0x0000000c   Code   RO          905    i.USART1_IRQHandler  stm32g4xx_it.o
    0x08003c94   0x08003c94   0x00000002   Code   RO          906    i.UsageFault_Handler  stm32g4xx_it.o
    0x08003c96   0x08003c96   0x00000002   PAD
    0x08003c98   0x08003c98   0x00000020   Code   RO         4129    i.__0printf         mc_w.l(printfa.o)
    0x08003cb8   0x08003cb8   0x00000028   Code   RO         4131    i.__0sprintf        mc_w.l(printfa.o)
    0x08003ce0   0x08003ce0   0x00000020   Code   RO         2397    i.__NVIC_SetPriority  stm32g4xx_hal_cortex.o
    0x08003d00   0x08003d00   0x0000000e   Code   RO         4199    i.__scatterload_copy  mc_w.l(handlers.o)
    0x08003d0e   0x08003d0e   0x00000002   Code   RO         4200    i.__scatterload_null  mc_w.l(handlers.o)
    0x08003d10   0x08003d10   0x0000000e   Code   RO         4201    i.__scatterload_zeroinit  mc_w.l(handlers.o)
    0x08003d1e   0x08003d1e   0x00000002   PAD
    0x08003d20   0x08003d20   0x00000184   Code   RO         4136    i._fp_digits        mc_w.l(printfa.o)
    0x08003ea4   0x08003ea4   0x000006dc   Code   RO         4137    i._printf_core      mc_w.l(printfa.o)
    0x08004580   0x08004580   0x00000024   Code   RO         4138    i._printf_post_padding  mc_w.l(printfa.o)
    0x080045a4   0x080045a4   0x0000002e   Code   RO         4139    i._printf_pre_padding  mc_w.l(printfa.o)
    0x080045d2   0x080045d2   0x0000000a   Code   RO         4141    i._sputc            mc_w.l(printfa.o)
    0x080045dc   0x080045dc   0x0000000c   Code   RO          576    i.delay1            bsp_i2c.o
    0x080045e8   0x080045e8   0x00000018   Code   RO          514    i.fputc             bsp_uart.o
    0x08004600   0x08004600   0x00000050   Code   RO          159    i.key_Read          key_led.o
    0x08004650   0x08004650   0x000000a0   Code   RO          775    i.main              main.o
    0x080046f0   0x080046f0   0x000011d0   Data   RO          333    .constdata          lcd.o
    0x080058c0   0x080058c0   0x00000008   Data   RO         3857    .constdata          system_stm32g4xx.o
    0x080058c8   0x080058c8   0x00000020   Data   RO         4197    Region$$Table       anon$$obj.o


    Execution Region RW_IRAM1 (Exec base: 0x20000000, Load base: 0x080058e8, Size: 0x000005e0, Max: 0x00008000, ABSOLUTE)

    Exec Addr    Load Addr    Size         Type   Attr      Idx    E Section Name        Object

    0x20000000   0x080058e8   0x00000002   Data   RW          160    .data               key_led.o
    0x20000002   0x080058ea   0x00000006   Data   RW          334    .data               lcd.o
    0x20000008   0x080058f0   0x00000004   Data   RW          687    .data               bsp_adc.o
    0x2000000c   0x080058f4   0x00000020   Data   RW          778    .data               main.o
    0x2000002c   0x08005914   0x0000000c   Data   RW         1314    .data               stm32g4xx_hal.o
    0x20000038   0x08005920   0x00000004   Data   RW         3858    .data               system_stm32g4xx.o
    0x2000003c   0x08005924   0x00000004   Data   RW         4173    .data               mc_w.l(stdout.o)
    0x20000040        -       0x0000008c   Zero   RW          515    .bss                bsp_uart.o
    0x200000cc        -       0x000000d8   Zero   RW          686    .bss                bsp_adc.o
    0x200001a4        -       0x00000028   Zero   RW          729    .bss                bsp_rtc.o
    0x200001cc        -       0x00000014   Zero   RW          777    .bss                main.o
    0x200001e0        -       0x00000400   Zero   RW            1    STACK               startup_stm32g431xx.o


==============================================================================

Image component sizes


      Code (inc. data)   RO Data    RW Data    ZI Data      Debug   Object Name

       496         40          0          4        216       2688   bsp_adc.o
       722         28          0          0          0       8685   bsp_i2c.o
         0          0          0          0          0     626480   bsp_rcc.o
       236         20          0          0         40       1764   bsp_rtc.o
       268         24          0          0        140       2341   bsp_uart.o
        28          6          0          0          0        727   gpio.o
       376         34          0          2          0     499487   key_led.o
      1766         76       4560          6          0      13498   lcd.o
       708        196          0         32         20       7426   main.o
        36          8        472          0       1024        832   startup_stm32g431xx.o
       162         24          0         12          0       4297   stm32g4xx_hal.o
      1988        102          0          0          0      75787   stm32g4xx_hal_adc.o
       220          8          0          0          0      67639   stm32g4xx_hal_adc_ex.o
       198         14          0          0          0      33919   stm32g4xx_hal_cortex.o
       120          0          0          0          0       1195   stm32g4xx_hal_dma.o
       476         34          0          0          0       3087   stm32g4xx_hal_gpio.o
        44          6          0          0          0        818   stm32g4xx_hal_msp.o
       184         38          0          0          0       3030   stm32g4xx_hal_rcc.o
       648         10          0          0          0       1868   stm32g4xx_hal_rcc_ex.o
       946         60          0          0          0       8147   stm32g4xx_hal_rtc.o
      3878        106          0          0          0      15208   stm32g4xx_hal_uart.o
       320         18          0          0          0       5314   stm32g4xx_hal_uart_ex.o
        32          6          0          0          0       4502   stm32g4xx_it.o
        28          6          8          4          0       1123   system_stm32g4xx.o

    ----------------------------------------------------------------------
     13908        864       5072         60       1440    1389862   Object Totals
         0          0         32          0          0          0   (incl. Generated)
        28          0          0          0          0          0   (incl. Padding)

    ----------------------------------------------------------------------

      Code (inc. data)   RO Data    RW Data    ZI Data      Debug   Library Member Name

         0          0          0          0          0          0   entry.o
         0          0          0          0          0          0   entry10a.o
         0          0          0          0          0          0   entry11a.o
         8          4          0          0          0          0   entry2.o
         4          0          0          0          0          0   entry5.o
         0          0          0          0          0          0   entry7b.o
         0          0          0          0          0          0   entry8b.o
         8          4          0          0          0          0   entry9a.o
        30          0          0          0          0          0   handlers.o
        36          8          0          0          0         68   init.o
         0          0          0          0          0          0   iusefp.o
        30          0          0          0          0         68   llshl.o
        36          0          0          0          0         68   llsshr.o
        32          0          0          0          0         68   llushr.o
        36          0          0          0          0        108   memseta.o
      2308         96          0          0          0        604   printfa.o
         0          0          0          4          0          0   stdout.o
        44          0          0          0          0         80   uidiv.o
        98          0          0          0          0         92   uldiv.o
        48          0          0          0          0         68   cdrcmple.o
       334          0          0          0          0        148   dadd.o
       222          0          0          0          0        100   ddiv.o
       186          0          0          0          0        176   depilogue.o
        48          0          0          0          0         68   dfixul.o
       228          0          0          0          0         96   dmul.o
        38          0          0          0          0         68   f2d.o

    ----------------------------------------------------------------------
      3780        112          0          4          0       1880   Library Totals
         6          0          0          0          0          0   (incl. Padding)

    ----------------------------------------------------------------------

      Code (inc. data)   RO Data    RW Data    ZI Data      Debug   Library Name

      2670        112          0          4          0       1156   mc_w.l
      1104          0          0          0          0        724   mf_w.l

    ----------------------------------------------------------------------
      3780        112          0          4          0       1880   Library Totals

    ----------------------------------------------------------------------

==============================================================================


      Code (inc. data)   RO Data    RW Data    ZI Data      Debug   

     17688        976       5072         64       1440    1379010   Grand Totals
     17688        976       5072         64       1440    1379010   ELF Image Totals
     17688        976       5072         64          0          0   ROM Totals

==============================================================================

    Total RO  Size (Code + RO Data)                22760 (  22.23kB)
    Total RW  Size (RW Data + ZI Data)              1504 (   1.47kB)
    Total ROM Size (Code + RO Data + RW Data)      22824 (  22.29kB)

==============================================================================

